Microchip MPLAB XC8 Compiler V1.21 ()

Linker command line:

--edf=C:\Program Files (x86)\Microchip\xc8\v1.21\dat\en_msgs.txt -cs \
  -h+dist/default/production\XBSensor.production.sym \
  --cmf=dist/default/production\XBSensor.production.cmf -z -Q16F886 \
  -oC:\Users\BRIANG~1\AppData\Local\Temp\s51k.6 \
  -Mdist/default/production/XBSensor.production.map -E1 -ver=XC8 \
  -ACONST=00h-0FFhx32 -ACODE=00h-07FFhx4 -ASTRCODE=00h-01FFFh \
  -AENTRY=00h-0FFhx32 -ASTRING=00h-0FFhx32 -ACOMMON=070h-07Fh \
  -ABANK0=020h-06Fh -ABANK1=0A0h-0EFh -ABANK2=0110h-016Fh \
  -ABANK3=0190h-01EFh -ARAM=020h-06Fh,0A0h-0EFh,0110h-016Fh,0190h-01EFh \
  -AABS1=020h-07Fh,0A0h-0EFh,0110h-016Fh,0190h-01EFh -ASFR0=00h-01Fh \
  -ASFR1=080h-09Fh -ASFR2=0100h-010Fh -ASFR3=0180h-018Fh \
  -preset_vec=00h,intentry,init,end_init -ppowerup=CODE -pcinit=CODE \
  -pfunctab=CODE -ACONFIG=02007h-02008h -pconfig=CONFIG -DCONFIG=2 \
  -AIDLOC=02000h-02003h -pidloc=IDLOC -DIDLOC=2 -AEEDATA=00h-0FFh/02100h \
  -peeprom_data=EEDATA -DEEDATA=2 -DCODE=2 -DSTRCODE=2 -DSTRING=2 -DCONST=2 \
  -DENTRY=2 -k C:\Users\BRIANG~1\AppData\Local\Temp\s51k.obj \
  dist/default/production\XBSensor.production.obj 

Object code version is 3.11

Machine type is 16F886



                Name                               Link     Load   Length Selector   Space Scale
C:\Users\BRIANG~1\AppData\Local\Temp\s51k.obj
                end_init                              0        0        3        0       0
                config                             2007     2007        1     400E       0
dist/default/production\XBSensor.production.obj
                cinit                               7F5      7F5        B      FEA       0
                text26                               DF       DF       47      1BE       0
                text25                               82       82       1E      104       0
                text24                              E4D      E4D       17     1C9A       0
                text23                              DCF      DCF        B     1B9E       0
                text22                              E39      E39       14     1C72       0
                text21                              EA5      EA5       29     1D4A       0
                text20                              F29      F29       2F     1E52       0
                text19                              DF6      DF6        F     1BEC       0
                text18                               A0       A0       3F      140       0
                text17                              E14      E14       12     1C28       0
                text16                              DDA      DDA        E     1BB4       0
                text15                              E26      E26       13     1C4C       0
                text14                              E05      E05        F     1C0A       0
                text13                              DE8      DE8        E     1BD0       0
                text12                              394      394      116      728       0
                text11                              FC2      FC2       3E     1F84       0
                text10                              F58      F58       34     1EB0       0
                text9                               1D4      1D4       D9      3A8       0
                text8                               5C3      5C3      232      B86       0
                text7                               EFB      EFB       2E     1DF6       0
                text6                               2AD      2AD       E7      55A       0
                text5                               ECE      ECE       2D     1D9C       0
                text4                               126      126       AE      24C       0
                text3                               F8C      F8C       36     1F18       0
                text2                               E81      E81       24     1D02       0
                text1                               E64      E64       1D     1CC8       0
                maintext                            4AA      4AA      119      954       0
                cstackBANK0                          20       20       1F       20       1
                cstackCOMMON                         70       70        E       70       1
                cstackBANK1                          A0       A0       3C       A0       1
                clrtext                             DC7      DC7        8     1B8E       0
                bssBANK0                             3F       3F       11       20       1
                strings                               3        3       7F        6       0

TOTAL           Name                               Link     Load   Length     Space
        CLASS   CONST          

        CLASS   CODE           
                end_init                              0        0        3         0
                cinit                               7F5      7F5        B         0
                text26                               DF       DF       47         0
                text25                               82       82       1E         0
                text24                              E4D      E4D       17         0
                text23                              DCF      DCF        B         0
                text22                              E39      E39       14         0
                text21                              EA5      EA5       29         0
                text20                              F29      F29       2F         0
                text19                              DF6      DF6        F         0
                text18                               A0       A0       3F         0
                text17                              E14      E14       12         0
                text16                              DDA      DDA        E         0
                text15                              E26      E26       13         0
                text14                              E05      E05        F         0
                text13                              DE8      DE8        E         0
                text12                              394      394      116         0
                text11                              FC2      FC2       3E         0
                text10                              F58      F58       34         0
                text9                               1D4      1D4       D9         0
                text8                               5C3      5C3      232         0
                text7                               EFB      EFB       2E         0
                text6                               2AD      2AD       E7         0
                text5                               ECE      ECE       2D         0
                text4                               126      126       AE         0
                text3                               F8C      F8C       36         0
                text2                               E81      E81       24         0
                text1                               E64      E64       1D         0
                maintext                            4AA      4AA      119         0
                clrtext                             DC7      DC7        8         0

        CLASS   STRCODE        

        CLASS   ENTRY          

        CLASS   STRING         
                strings                               3        3       7F         0

        CLASS   COMMON         
                cstackCOMMON                         70       70        E         1

        CLASS   BANK0          
                cstackBANK0                          20       20       1F         1
                bssBANK0                             3F       3F       11         1

        CLASS   BANK1          
                cstackBANK1                          A0       A0       3C         1

        CLASS   BANK2          

        CLASS   BANK3          

        CLASS   RAM            

        CLASS   ABS1           
                abs_s1                               7E       7E        2         1

        CLASS   SFR0           

        CLASS   SFR1           

        CLASS   SFR2           

        CLASS   SFR3           

        CLASS   CONFIG         
                config                             2007     2007        1         0

        CLASS   IDLOC          

        CLASS   EEDATA         



SEGMENTS        Name                           Load    Length   Top    Selector   Space  Class     Delta

                reset_vec                      000000  000003  000003         0       0  CODE        2
                strings                        000003  00007F  000082         6       0  STRING      2
                cstackBANK0                    000020  000030  000050        20       1  BANK0       1
                cstackCOMMON                   000070  00000E  00007E        70       1  COMMON      1
                cstackBANK1                    0000A0  00003C  0000DC        A0       1  BANK1       1
                text25                         000082  00001E  0000A0       104       0  CODE        2
                text18                         0000A0  00003F  0000DF       140       0  CODE        2
                text26                         0000DF  000047  000126       1BE       0  CODE        2
                text4                          000126  0000AE  0001D4       24C       0  CODE        2
                text9                          0001D4  0000D9  0002AD       3A8       0  CODE        2
                text6                          0002AD  0000E7  000394       55A       0  CODE        2
                text12                         000394  000116  0004AA       728       0  CODE        2
                maintext                       0004AA  000119  0005C3       954       0  CODE        2
                text8                          0005C3  000232  0007F5       B86       0  CODE        2
                cinit                          0007F5  00000B  000800       FEA       0  CODE        2
                clrtext                        000DC7  000008  000DCF      1B8E       0  CODE        2
                text23                         000DCF  00000B  000DDA      1B9E       0  CODE        2
                text16                         000DDA  00000E  000DE8      1BB4       0  CODE        2
                text13                         000DE8  00000E  000DF6      1BD0       0  CODE        2
                text19                         000DF6  00000F  000E05      1BEC       0  CODE        2
                text14                         000E05  00000F  000E14      1C0A       0  CODE        2
                text17                         000E14  000012  000E26      1C28       0  CODE        2
                text15                         000E26  000013  000E39      1C4C       0  CODE        2
                text22                         000E39  000014  000E4D      1C72       0  CODE        2
                text24                         000E4D  000017  000E64      1C9A       0  CODE        2
                text1                          000E64  00001D  000E81      1CC8       0  CODE        2
                text2                          000E81  000024  000EA5      1D02       0  CODE        2
                text21                         000EA5  000029  000ECE      1D4A       0  CODE        2
                text5                          000ECE  00002D  000EFB      1D9C       0  CODE        2
                text7                          000EFB  00002E  000F29      1DF6       0  CODE        2
                text20                         000F29  00002F  000F58      1E52       0  CODE        2
                text10                         000F58  000034  000F8C      1EB0       0  CODE        2
                text3                          000F8C  000036  000FC2      1F18       0  CODE        2
                text11                         000FC2  00003E  001000      1F84       0  CODE        2
                config                         002007  000001  002008      400E       0  CONFIG      2


UNUSED ADDRESS RANGES

        Name                Unused          Largest block    Delta
        BANK0            0050-006F             20           1
        BANK1            00DC-00EF             14           1
        BANK2            0110-016F             60           1
        BANK3            0190-01EF             60           1
        CODE             0800-0DC6            5C7           2
                         1000-1FFF            800
        CONFIG           2008-2008              1           2
        CONST            0800-0DC6            100           2
                         1000-1FFF            100
        EEDATA           2100-21FF            100           2
        ENTRY            0800-0DC6            100           2
                         1000-1FFF            100
        IDLOC            2000-2003              4           2
        RAM              0050-006F             20           1
                         00DC-00EF             14
                         0110-016F             60
                         0190-01EF             60
        SFR0             0000-001F             20           1
        SFR1             0080-009F             20           1
        SFR2             0100-010F             10           1
        SFR3             0180-018F             10           1
        STRCODE          0800-0DC6            5C7           2
                         1000-1FFF           1000
        STRING           0800-0DC6            100           2
                         1000-1FFF            100

                                  Symbol Table

?_Setup_Baud_Gen                   cstackCOMMON 0070
?___lmul                           cstackCOMMON 0070
?___lwdiv                          cstackCOMMON 0070
?___lwmod                          cstackCOMMON 0078
?_getRSSI                          cstackBANK0  002F
?_memcpy                           cstackCOMMON 0070
?_send_USART_string                cstackCOMMON 0076
?_sprintf                          cstackBANK0  0020
?_strlen                           cstackCOMMON 0070
?_strtol                           cstackBANK0  0020
Setup_Baud_Gen@BAUD                cstackCOMMON 0070
_ANSEL                             (abs)        0188
_ANSELH                            (abs)        0189
_BRG16                             (abs)        0C3B
_BRGH                              (abs)        04C2
_BYTES_BUFFER                      bssBANK0     003F
_CREN                              (abs)        00C4
_FERR                              (abs)        00C2
_GIE                               (abs)        005F
_OERR                              (abs)        00C1
_OPTION_REG                        (abs)        0081
_PIC_Initialization                text1        0E64
_PORTA                             (abs)        0005
_PORTB                             (abs)        0006
_PORTC                             (abs)        0007
_PSTRCON                           (abs)        009D
_RCIE                              (abs)        0465
_RCIF                              (abs)        0065
_RCREG                             (abs)        001A
_RX9                               (abs)        00C6
_SPBRG                             (abs)        0099
_SPBRGH                            (abs)        009A
_SPEN                              (abs)        00C7
_SYNC                              (abs)        04C4
_Setup_Baud_Gen                    text26       00DF
_TRISA                             (abs)        0085
_TRISB                             (abs)        0086
_TRISC                             (abs)        0087
_TX9                               (abs)        04C6
_TXEN                              (abs)        04C5
_TXIE                              (abs)        0464
_TXIF                              (abs)        0064
_TXREG                             (abs)        0019
_USART_Init                        text25       0082
_WDTCON                            (abs)        0105
__CFG_BOREN$OFF                    (abs)        0000
__CFG_FCMEN$OFF                    (abs)        0000
__CFG_FOSC$INTRC_NOCLKOUT          (abs)        0000
__CFG_IESO$OFF                     (abs)        0000
__CFG_LVP$OFF                      (abs)        0000
__CFG_MCLRE$OFF                    (abs)        0000
__CFG_WDTE$OFF                     (abs)        0000
__Habs1                            abs1         0000
__Hbank0                           bank0        0000
__Hbank1                           bank1        0000
__Hbank2                           bank2        0000
__Hbank3                           bank3        0000
__HbssBANK0                        bssBANK0     0000
__Hcinit                           cinit        0800
__Hclrtext                         clrtext      0000
__Hcode                            code         0000
__Hcommon                          common       0000
__Hconfig                          config       2008
__HcstackBANK0                     cstackBANK0  0000
__HcstackBANK1                     cstackBANK1  0000
__HcstackCOMMON                    cstackCOMMON 0000
__Heeprom_data                     eeprom_data  0000
__Hend_init                        end_init     0003
__Hfunctab                         functab      0000
__Hidloc                           idloc        0000
__Hinit                            init         0000
__Hintentry                        intentry     0000
__Hmaintext                        maintext     0000
__Hpowerup                         powerup      0000
__Hram                             ram          0000
__Hreset_vec                       reset_vec    0000
__Hsfr0                            sfr0         0000
__Hsfr1                            sfr1         0000
__Hsfr2                            sfr2         0000
__Hsfr3                            sfr3         0000
__Hstrings                         strings      0000
__Htext                            text         0000
__Labs1                            abs1         0000
__Lbank0                           bank0        0000
__Lbank1                           bank1        0000
__Lbank2                           bank2        0000
__Lbank3                           bank3        0000
__LbssBANK0                        bssBANK0     0000
__Lcinit                           cinit        07F5
__Lclrtext                         clrtext      0000
__Lcode                            code         0000
__Lcommon                          common       0000
__Lconfig                          config       2007
__LcstackBANK0                     cstackBANK0  0000
__LcstackBANK1                     cstackBANK1  0000
__LcstackCOMMON                    cstackCOMMON 0000
__Leeprom_data                     eeprom_data  0000
__Lend_init                        end_init     0000
__Lfunctab                         functab      0000
__Lidloc                           idloc        0000
__Linit                            init         0000
__Lintentry                        intentry     0000
__Lmaintext                        maintext     0000
__Lpowerup                         powerup      0000
__Lram                             ram          0000
__Lreset_vec                       reset_vec    0000
__Lsfr0                            sfr0         0000
__Lsfr1                            sfr1         0000
__Lsfr2                            sfr2         0000
__Lsfr3                            sfr3         0000
__Lstrings                         strings      0000
__Ltext                            text         0000
__S0                               (abs)        2008
__S1                               (abs)        00DC
__S3                               (abs)        0000
___latbits                         (abs)        0002
___lmul                            text18       00A0
___lmul@multiplicand               cstackCOMMON 0074
___lmul@multiplier                 cstackCOMMON 0070
___lmul@product                    cstackCOMMON 0079
___lwdiv                           text11       0FC2
___lwdiv@counter                   cstackCOMMON 0077
___lwdiv@dividend                  cstackCOMMON 0072
___lwdiv@divisor                   cstackCOMMON 0070
___lwdiv@quotient                  cstackCOMMON 0075
___lwmod                           text10       0F58
___lwmod@counter                   cstackCOMMON 007D
___lwmod@dividend                  cstackCOMMON 007A
___lwmod@divisor                   cstackCOMMON 0078
__end_of_PIC_Initialization        text1        0E81
__end_of_Setup_Baud_Gen            text26       0126
__end_of_USART_Init                text25       00A0
__end_of___lmul                    text18       00DF
__end_of___lwdiv                   text11       1000
__end_of___lwmod                   text10       0F8C
__end_of__initialization           cinit        07FC
__end_of__stringdata               strings      0082
__end_of__stringtab                strings      0013
__end_of_clear_usart_errors        text24       0E64
__end_of_dpowers                   strings      001D
__end_of_enterCommandMode          text3        0FC2
__end_of_exitCommandMode           text2        0EA5
__end_of_flush_RCREG               text19       0E05
__end_of_getIdentification         text6        0394
__end_of_getRSSI                   text8        07F5
__end_of_get_USART_char            text23       0DDA
__end_of_get_USART_char_timeout    text7        0F29
__end_of_isalpha                   text15       0E39
__end_of_isdigit                   text13       0DF6
__end_of_isspace                   text17       0E26
__end_of_isupper                   text16       0DE8
__end_of_main                      maintext     05C3
__end_of_memcpy                    text5        0EFB
__end_of_send_USART_char           text22       0E4D
__end_of_send_USART_string         text20       0F58
__end_of_setDestination            text4        01D4
__end_of_sprintf                   text9        02AD
__end_of_strlen                    text21       0ECE
__end_of_strtol                    text12       04AA
__end_of_toupper                   text14       0E14
__initialization                   cinit        07F5
__pbssBANK0                        bssBANK0     003F
__pcstackBANK0                     cstackBANK0  0020
__pcstackBANK1                     cstackBANK1  00A0
__pcstackCOMMON                    cstackCOMMON 0070
__pmaintext                        maintext     04AA
__pstrings                         strings      0003
__ptext1                           text1        0E64
__ptext10                          text10       0F58
__ptext11                          text11       0FC2
__ptext12                          text12       0394
__ptext13                          text13       0DE8
__ptext14                          text14       0E05
__ptext15                          text15       0E26
__ptext16                          text16       0DDA
__ptext17                          text17       0E14
__ptext18                          text18       00A0
__ptext19                          text19       0DF6
__ptext2                           text2        0E81
__ptext20                          text20       0F29
__ptext21                          text21       0EA5
__ptext22                          text22       0E39
__ptext23                          text23       0DCF
__ptext24                          text24       0E4D
__ptext25                          text25       0082
__ptext26                          text26       00DF
__ptext3                           text3        0F8C
__ptext4                           text4        0126
__ptext5                           text5        0ECE
__ptext6                           text6        02AD
__ptext7                           text7        0EFB
__ptext8                           text8        05C3
__ptext9                           text9        01D4
__size_of_PIC_Initialization       (abs)        0000
__size_of_Setup_Baud_Gen           (abs)        0000
__size_of_USART_Init               (abs)        0000
__size_of___lmul                   (abs)        0000
__size_of___lwdiv                  (abs)        0000
__size_of___lwmod                  (abs)        0000
__size_of_clear_usart_errors       (abs)        0000
__size_of_enterCommandMode         (abs)        0000
__size_of_exitCommandMode          (abs)        0000
__size_of_flush_RCREG              (abs)        0000
__size_of_getIdentification        (abs)        0000
__size_of_getRSSI                  (abs)        0000
__size_of_get_USART_char           (abs)        0000
__size_of_get_USART_char_timeout   (abs)        0000
__size_of_isalpha                  (abs)        0000
__size_of_isdigit                  (abs)        0000
__size_of_isspace                  (abs)        0000
__size_of_isupper                  (abs)        0000
__size_of_main                     (abs)        0000
__size_of_memcpy                   (abs)        0000
__size_of_send_USART_char          (abs)        0000
__size_of_send_USART_string        (abs)        0000
__size_of_setDestination           (abs)        0000
__size_of_sprintf                  (abs)        0000
__size_of_strlen                   (abs)        0000
__size_of_strtol                   (abs)        0000
__size_of_toupper                  (abs)        0000
__stringbase                       strings      0012
__stringdata                       strings      001D
__stringtab                        strings      0003
_clear_usart_errors                text24       0E4D
_dpowers                           strings      0013
_dummy                             bssBANK0     004F
_enterCommandMode                  text3        0F8C
_exitCommandMode                   text2        0E81
_flush_RCREG                       text19       0DF6
_getIdentification                 text6        02AD
_getRSSI                           text8        05C3
_get_USART_char                    text23       0DCF
_get_USART_char_timeout            text7        0EFB
_isalpha                           text15       0E26
_isalpha$466                       cstackCOMMON 0072
_isdigit                           text13       0DE8
_isdigit$469                       cstackCOMMON 0070
_isspace                           text17       0E14
_isspace$472                       cstackCOMMON 0070
_isupper                           text16       0DDA
_isupper$475                       cstackCOMMON 0070
_main                              maintext     04AA
_memcpy                            text5        0ECE
_send_USART_char                   text22       0E39
_send_USART_string                 text20       0F29
_setDestination                    text4        0126
_sprintf                           text9        01D4
_strlen                            text21       0EA5
_strtol                            text12       0394
_toupper                           text14       0E05
btemp                              (abs)        007E
clear_ram0                         clrtext      0DC7
end_of_initialization              cinit        07FC
enterCommandMode@iter              cstackCOMMON 007D
exitCommandMode@iter               cstackCOMMON 007C
getIdentification@iter             cstackBANK0  0029
getIdentification@iter_124         cstackBANK0  002A
getIdentification@iter_125         cstackBANK0  002D
getIdentification@iter_126         cstackBANK0  002E
getIdentification@iter_128         cstackBANK0  002B
getIdentification@iter_129         cstackBANK0  002F
getIdentification@iter_130         cstackBANK0  0030
getIdentification@offset           cstackBANK0  0028
getIdentification@result           cstackBANK0  002C
getIdentification@temp             cstackBANK0  0020
getRSSI@RSSI                       cstackBANK0  0039
getRSSI@RSSInum                    cstackBANK0  0033
getRSSI@dBm                        cstackBANK0  002F
getRSSI@dBmNum                     cstackBANK0  003A
getRSSI@dBmbuf                     cstackBANK0  0036
getRSSI@iter                       cstackBANK0  0038
getRSSI@percentage                 cstackBANK0  0030
get_USART_char_timeout@timeout_int cstackCOMMON 0071
intlevel0                          functab      0000
intlevel1                          functab      0000
intlevel2                          functab      0000
intlevel3                          functab      0000
intlevel4                          functab      0000
intlevel5                          functab      0000
isalpha@c                          cstackCOMMON 0073
isdigit@c                          cstackCOMMON 0071
isspace@c                          cstackCOMMON 0071
isupper@c                          cstackCOMMON 0071
main@RSSI                          cstackBANK1  00C9
main@broadcastNumber               cstackBANK1  00CE
main@command                       cstackBANK1  00D2
main@dBm                           cstackBANK1  00C2
main@iter                          cstackBANK1  00DA
main@iter_154                      cstackBANK1  00DB
main@mobile                        cstackBANK1  00B1
main@percentage                    cstackBANK1  00D3
main@sensor                        cstackBANK1  00A0
memcpy@d                           cstackCOMMON 0075
memcpy@d1                          cstackCOMMON 0074
memcpy@n                           cstackCOMMON 0071
memcpy@s                           cstackCOMMON 0076
memcpy@s1                          cstackCOMMON 0070
reset_vec                          reset_vec    0000
send_USART_char@character          cstackCOMMON 0072
send_USART_string@iter             cstackCOMMON 007A
send_USART_string@string           cstackCOMMON 0076
setDestination@destination         cstackBANK0  0032
setDestination@iter                cstackBANK0  0033
setDestination@iter_140            cstackBANK0  0034
setDestination@subbuff             cstackBANK0  0020
setDestination@subbuff2            cstackBANK0  0029
sprintf@_val                       cstackBANK0  0029
sprintf@ap                         cstackBANK0  0026
sprintf@c                          cstackBANK0  002E
sprintf@f                          cstackBANK0  0020
sprintf@flag                       cstackBANK0  0027
sprintf@prec                       cstackBANK0  0028
sprintf@sp                         cstackBANK0  002D
start                              init         0000
start_initialization               cinit        07F5
strlen@cp                          cstackCOMMON 0074
strlen@s                           cstackCOMMON 0070
strtol@a                           cstackBANK0  0029
strtol@base                        cstackBANK0  0021
strtol@c                           cstackBANK0  002E
strtol@endptr                      cstackBANK0  0020
strtol@s                           cstackBANK0  002D
strtol@sign                        cstackBANK0  0028
toupper@c                          cstackCOMMON 0071
wtemp0                             (abs)        007E


FUNCTION INFORMATION:

 *************** function _main *****************
 Defined at:
		line 26 in file "XBSensor.c"
 Parameters:    Size  Location     Type
		None
 Auto vars:     Size  Location     Type
  iter            1   59[BANK1 ] unsigned char 
  iter            1   58[BANK1 ] unsigned char 
  mobile         17   17[BANK1 ] unsigned char [17]
  percentage      7   51[BANK1 ] unsigned char [7]
  dBm             7   34[BANK1 ] unsigned char [7]
  RSSI            5   41[BANK1 ] unsigned char [5]
  broadcastNum    4   46[BANK1 ] unsigned char [4]
  command         1   50[BANK1 ] unsigned char 
  sensor         17    0[BANK1 ] unsigned char [17]
 Return value:  Size  Location     Type
		None               void
 Registers used:
		wreg, fsr0l, fsr0h, status,2, status,0, btemp+1, pclath, cstack
 Tracked objects:
		On entry : 
		On exit  : 
		Unchanged: 
 Data sizes:     COMMON   BANK0   BANK1   BANK3   BANK2
      Params:         0       0       0       0       0
      Locals:         0       0      60       0       0
      Temps:          0       3       0       0       0
      Totals:         0       3      60       0       0
Total ram usage:       63 bytes
 Hardware stack levels required when called:    4
 This function calls:
		_USART_Init
		_get_USART_char
		_send_USART_char
		_send_USART_string
		_flush_RCREG
		_getRSSI
		_getIdentification
		_setDestination
		_enterCommandMode
		_exitCommandMode
		_PIC_Initialization
 This function is called by:
		Startup code after reset
 This function uses a non-reentrant model


 *************** function _PIC_Initialization *****************
 Defined at:
		line 104 in file "XBSensor.c"
 Parameters:    Size  Location     Type
		None
 Auto vars:     Size  Location     Type
		None
 Return value:  Size  Location     Type
		None               void
 Registers used:
		wreg, status,2
 Tracked objects:
		On entry : 
		On exit  : 
		Unchanged: 
 Data sizes:     COMMON   BANK0   BANK1   BANK3   BANK2
      Params:         0       0       0       0       0
      Locals:         0       0       0       0       0
      Temps:          0       0       0       0       0
      Totals:         0       0       0       0       0
Total ram usage:        0 bytes
 Hardware stack levels used:    1
 This function calls:
		Nothing
 This function is called by:
		_main
 This function uses a non-reentrant model


 *************** function _exitCommandMode *****************
 Defined at:
		line 224 in file "..\Header Files\..\C Source Code\ZIGBEE_16F_MASTER.c"
 Parameters:    Size  Location     Type
		None
 Auto vars:     Size  Location     Type
  iter            1   12[COMMON] unsigned char 
 Return value:  Size  Location     Type
		None               void
 Registers used:
		wreg, fsr0l, fsr0h, status,2, status,0, btemp+1, pclath, cstack
 Tracked objects:
		On entry : 
		On exit  : 
		Unchanged: 
 Data sizes:     COMMON   BANK0   BANK1   BANK3   BANK2
      Params:         0       0       0       0       0
      Locals:         1       0       0       0       0
      Temps:          1       0       0       0       0
      Totals:         2       0       0       0       0
Total ram usage:        2 bytes
 Hardware stack levels used:    1
 Hardware stack levels required when called:    3
 This function calls:
		_get_USART_char
		_send_USART_string
		_flush_RCREG
 This function is called by:
		_main
 This function uses a non-reentrant model


 *************** function _enterCommandMode *****************
 Defined at:
		line 189 in file "..\Header Files\..\C Source Code\ZIGBEE_16F_MASTER.c"
 Parameters:    Size  Location     Type
		None
 Auto vars:     Size  Location     Type
  iter            1   13[COMMON] unsigned char 
 Return value:  Size  Location     Type
		None               void
 Registers used:
		wreg, fsr0l, fsr0h, status,2, status,0, btemp+1, pclath, cstack
 Tracked objects:
		On entry : 
		On exit  : 
		Unchanged: 
 Data sizes:     COMMON   BANK0   BANK1   BANK3   BANK2
      Params:         0       0       0       0       0
      Locals:         1       0       0       0       0
      Temps:          2       0       0       0       0
      Totals:         3       0       0       0       0
Total ram usage:        3 bytes
 Hardware stack levels used:    1
 Hardware stack levels required when called:    3
 This function calls:
		_get_USART_char
		_send_USART_string
		_flush_RCREG
 This function is called by:
		_main
 This function uses a non-reentrant model


 *************** function _setDestination *****************
 Defined at:
		line 146 in file "..\Header Files\..\C Source Code\ZIGBEE_16F_MASTER.c"
 Parameters:    Size  Location     Type
  destination     1    wreg     PTR const unsigned char 
		 -> STR_11(17), 
 Auto vars:     Size  Location     Type
  destination     1   18[BANK0 ] PTR const unsigned char 
		 -> STR_11(17), 
  iter            1   20[BANK0 ] unsigned char 
  iter            1   19[BANK0 ] unsigned char 
  subbuff2        9    9[BANK0 ] unsigned char [9]
  subbuff         9    0[BANK0 ] unsigned char [9]
 Return value:  Size  Location     Type
		None               void
 Registers used:
		wreg, fsr0l, fsr0h, status,2, status,0, btemp+1, pclath, cstack
 Tracked objects:
		On entry : 
		On exit  : 
		Unchanged: 
 Data sizes:     COMMON   BANK0   BANK1   BANK3   BANK2
      Params:         0       0       0       0       0
      Locals:         0      21       0       0       0
      Temps:          2       0       0       0       0
      Totals:         2      21       0       0       0
Total ram usage:       23 bytes
 Hardware stack levels used:    1
 Hardware stack levels required when called:    3
 This function calls:
		_get_USART_char
		_send_USART_string
		_flush_RCREG
		_memcpy
 This function is called by:
		_main
 This function uses a non-reentrant model


 *************** function _memcpy *****************
 Defined at:
		line 13 in file "C:\Program Files (x86)\Microchip\xc8\v1.21\sources\common\memcpy.c"
 Parameters:    Size  Location     Type
  d1              1    wreg     PTR void 
		 -> setDestination@subbuff2(9), setDestination@subbuff(9), 
  s1              1    0[COMMON] PTR const void 
		 -> STR_11(17), 
  n               2    1[COMMON] unsigned int 
 Auto vars:     Size  Location     Type
  d1              1    4[COMMON] PTR void 
		 -> setDestination@subbuff2(9), setDestination@subbuff(9), 
  s               1    6[COMMON] PTR const unsigned char 
		 -> STR_11(17), 
  d               1    5[COMMON] PTR unsigned char 
		 -> setDestination@subbuff2(9), setDestination@subbuff(9), 
 Return value:  Size  Location     Type
                  1    wreg      PTR void 
 Registers used:
		wreg, fsr0l, fsr0h, status,2, status,0, pclath
 Tracked objects:
		On entry : 
		On exit  : 
		Unchanged: 
 Data sizes:     COMMON   BANK0   BANK1   BANK3   BANK2
      Params:         3       0       0       0       0
      Locals:         3       0       0       0       0
      Temps:          1       0       0       0       0
      Totals:         7       0       0       0       0
Total ram usage:        7 bytes
 Hardware stack levels used:    2
 This function calls:
		Nothing
 This function is called by:
		_setDestination
 This function uses a non-reentrant model


 *************** function _getIdentification *****************
 Defined at:
		line 81 in file "..\Header Files\..\C Source Code\ZIGBEE_16F_MASTER.c"
 Parameters:    Size  Location     Type
  result          1    wreg     PTR unsigned char 
		 -> main@sensor(17), 
 Auto vars:     Size  Location     Type
  result          1   12[BANK0 ] PTR unsigned char 
		 -> main@sensor(17), 
  iter            1   16[BANK0 ] unsigned char 
  iter            1   15[BANK0 ] char 
  iter            1   11[BANK0 ] unsigned char 
  iter            1   14[BANK0 ] unsigned char 
  iter            1   13[BANK0 ] char 
  iter            1   10[BANK0 ] unsigned char 
  iter            1    9[BANK0 ] unsigned char 
  temp            8    0[BANK0 ] unsigned char [8]
  offset          1    8[BANK0 ] unsigned char 
 Return value:  Size  Location     Type
		None               void
 Registers used:
		wreg, fsr0l, fsr0h, status,2, status,0, btemp+1, pclath, cstack
 Tracked objects:
		On entry : 
		On exit  : 
		Unchanged: 
 Data sizes:     COMMON   BANK0   BANK1   BANK3   BANK2
      Params:         0       0       0       0       0
      Locals:         0      17       0       0       0
      Temps:          2       0       0       0       0
      Totals:         2      17       0       0       0
Total ram usage:       19 bytes
 Hardware stack levels used:    1
 Hardware stack levels required when called:    3
 This function calls:
		_get_USART_char_timeout
		_send_USART_string
		_flush_RCREG
 This function is called by:
		_main
 This function uses a non-reentrant model


 *************** function _get_USART_char_timeout *****************
 Defined at:
		line 125 in file "..\Header Files\..\C Source Code\USART_16F_MASTER.c"
 Parameters:    Size  Location     Type
		None
 Auto vars:     Size  Location     Type
  timeout_int     2    1[COMMON] int 
 Return value:  Size  Location     Type
                  1    wreg      unsigned char 
 Registers used:
		wreg, status,2, status,0, btemp+1, pclath, cstack
 Tracked objects:
		On entry : 
		On exit  : 
		Unchanged: 
 Data sizes:     COMMON   BANK0   BANK1   BANK3   BANK2
      Params:         0       0       0       0       0
      Locals:         2       0       0       0       0
      Temps:          0       0       0       0       0
      Totals:         2       0       0       0       0
Total ram usage:        2 bytes
 Hardware stack levels used:    1
 Hardware stack levels required when called:    1
 This function calls:
		_clear_usart_errors
 This function is called by:
		_getIdentification
 This function uses a non-reentrant model


 *************** function _getRSSI *****************
 Defined at:
		line 12 in file "..\Header Files\..\C Source Code\ZIGBEE_16F_MASTER.c"
 Parameters:    Size  Location     Type
  RSSI            1    wreg     PTR unsigned char 
		 -> main@RSSI(5), 
  dBm             1   15[BANK0 ] PTR unsigned char 
		 -> main@dBm(7), 
  percentage      1   16[BANK0 ] PTR unsigned char 
		 -> main@percentage(7), 
 Auto vars:     Size  Location     Type
  RSSI            1   25[BANK0 ] PTR unsigned char 
		 -> main@RSSI(5), 
  iter            1   24[BANK0 ] unsigned char 
  RSSInum         3   19[BANK0 ] unsigned char [3]
  dBmNum          2   26[BANK0 ] unsigned int 
  dBmbuf          2   22[BANK0 ] unsigned char [2]
 Return value:  Size  Location     Type
		None               void
 Registers used:
		wreg, fsr0l, fsr0h, status,2, status,0, btemp+1, pclath, cstack
 Tracked objects:
		On entry : 
		On exit  : 
		Unchanged: 
 Data sizes:     COMMON   BANK0   BANK1   BANK3   BANK2
      Params:         0       2       0       0       0
      Locals:         0       9       0       0       0
      Temps:          0       2       0       0       0
      Totals:         0      13       0       0       0
Total ram usage:       13 bytes
 Hardware stack levels used:    1
 Hardware stack levels required when called:    3
 This function calls:
		_get_USART_char
		_send_USART_string
		_flush_RCREG
		_strtol
		_sprintf
 This function is called by:
		_main
 This function uses a non-reentrant model


 *************** function _sprintf *****************
 Defined at:
		line 493 in file "C:\Program Files (x86)\Microchip\xc8\v1.21\sources\common\doprnt.c"
 Parameters:    Size  Location     Type
  sp              1    wreg     PTR unsigned char 
		 -> getRSSI@dBmbuf(2), 
  f               1    0[BANK0 ] PTR const unsigned char 
		 -> STR_2(3), 
 Auto vars:     Size  Location     Type
  sp              1   13[BANK0 ] PTR unsigned char 
		 -> getRSSI@dBmbuf(2), 
  _val            4    9[BANK0 ] struct .
  c               1   14[BANK0 ] char 
  prec            1    8[BANK0 ] char 
  flag            1    7[BANK0 ] unsigned char 
  ap              1    6[BANK0 ] PTR void [1]
		 -> ?_sprintf(2), 
 Return value:  Size  Location     Type
                  2    0[BANK0 ] int 
 Registers used:
		wreg, fsr0l, fsr0h, status,2, status,0, btemp+1, pclath, cstack
 Tracked objects:
		On entry : 
		On exit  : 
		Unchanged: 
 Data sizes:     COMMON   BANK0   BANK1   BANK3   BANK2
      Params:         0       3       0       0       0
      Locals:         0       9       0       0       0
      Temps:          0       3       0       0       0
      Totals:         0      15       0       0       0
Total ram usage:       15 bytes
 Hardware stack levels used:    1
 Hardware stack levels required when called:    1
 This function calls:
		___lwdiv
		___lwmod
 This function is called by:
		_getRSSI
 This function uses a non-reentrant model


 *************** function ___lwmod *****************
 Defined at:
		line 5 in file "C:\Program Files (x86)\Microchip\xc8\v1.21\sources\pic\lwmod.c"
 Parameters:    Size  Location     Type
  divisor         2    8[COMMON] unsigned int 
  dividend        2   10[COMMON] unsigned int 
 Auto vars:     Size  Location     Type
  counter         1   13[COMMON] unsigned char 
 Return value:  Size  Location     Type
                  2    8[COMMON] unsigned int 
 Registers used:
		wreg, status,2, status,0
 Tracked objects:
		On entry : 
		On exit  : 
		Unchanged: 
 Data sizes:     COMMON   BANK0   BANK1   BANK3   BANK2
      Params:         4       0       0       0       0
      Locals:         1       0       0       0       0
      Temps:          1       0       0       0       0
      Totals:         6       0       0       0       0
Total ram usage:        6 bytes
 Hardware stack levels used:    1
 This function calls:
		Nothing
 This function is called by:
		_sprintf
 This function uses a non-reentrant model


 *************** function ___lwdiv *****************
 Defined at:
		line 5 in file "C:\Program Files (x86)\Microchip\xc8\v1.21\sources\pic\lwdiv.c"
 Parameters:    Size  Location     Type
  divisor         2    0[COMMON] unsigned int 
  dividend        2    2[COMMON] unsigned int 
 Auto vars:     Size  Location     Type
  quotient        2    5[COMMON] unsigned int 
  counter         1    7[COMMON] unsigned char 
 Return value:  Size  Location     Type
                  2    0[COMMON] unsigned int 
 Registers used:
		wreg, status,2, status,0
 Tracked objects:
		On entry : 
		On exit  : 
		Unchanged: 
 Data sizes:     COMMON   BANK0   BANK1   BANK3   BANK2
      Params:         4       0       0       0       0
      Locals:         3       0       0       0       0
      Temps:          1       0       0       0       0
      Totals:         8       0       0       0       0
Total ram usage:        8 bytes
 Hardware stack levels used:    1
 This function calls:
		Nothing
 This function is called by:
		_sprintf
 This function uses a non-reentrant model


 *************** function _strtol *****************
 Defined at:
		line 6 in file "C:\Program Files (x86)\Microchip\xc8\v1.21\sources\common\strtol.c"
 Parameters:    Size  Location     Type
  s               1    wreg     PTR const unsigned char 
		 -> getRSSI@RSSInum(3), 
  endptr          1    0[BANK0 ] PTR PTR unsigned char 
		 -> NULL(0), 
  base            2    1[BANK0 ] int 
 Auto vars:     Size  Location     Type
  s               1   13[BANK0 ] PTR const unsigned char 
		 -> getRSSI@RSSInum(3), 
  a               4    9[BANK0 ] long 
  c               1   14[BANK0 ] unsigned char 
  sign            1    8[BANK0 ] unsigned char 
 Return value:  Size  Location     Type
                  4    0[BANK0 ] long 
 Registers used:
		wreg, fsr0l, fsr0h, status,2, status,0, pclath, cstack
 Tracked objects:
		On entry : 
		On exit  : 
		Unchanged: 
 Data sizes:     COMMON   BANK0   BANK1   BANK3   BANK2
      Params:         0       4       0       0       0
      Locals:         0       7       0       0       0
      Temps:          0       4       0       0       0
      Totals:         0      15       0       0       0
Total ram usage:       15 bytes
 Hardware stack levels used:    1
 Hardware stack levels required when called:    2
 This function calls:
		___lmul
		_isspace
		_isalpha
		_toupper
		_isdigit
 This function is called by:
		_getRSSI
 This function uses a non-reentrant model


 *************** function _isdigit *****************
 Defined at:
		line 13 in file "C:\Program Files (x86)\Microchip\xc8\v1.21\sources\common\isdigit.c"
 Parameters:    Size  Location     Type
  c               1    wreg     unsigned char 
 Auto vars:     Size  Location     Type
  c               1    1[COMMON] unsigned char 
 Return value:  Size  Location     Type
		None               void
 Registers used:
		wreg, status,2, status,0
 Tracked objects:
		On entry : 
		On exit  : 
		Unchanged: 
 Data sizes:     COMMON   BANK0   BANK1   BANK3   BANK2
      Params:         0       0       0       0       0
      Locals:         2       0       0       0       0
      Temps:          0       0       0       0       0
      Totals:         2       0       0       0       0
Total ram usage:        2 bytes
 Hardware stack levels used:    1
 This function calls:
		Nothing
 This function is called by:
		_strtol
 This function uses a non-reentrant model


 *************** function _toupper *****************
 Defined at:
		line 9 in file "C:\Program Files (x86)\Microchip\xc8\v1.21\sources\common\toupper.c"
 Parameters:    Size  Location     Type
  c               1    wreg     unsigned char 
 Auto vars:     Size  Location     Type
  c               1    1[COMMON] unsigned char 
 Return value:  Size  Location     Type
                  1    wreg      unsigned char 
 Registers used:
		wreg, status,2, status,0
 Tracked objects:
		On entry : 
		On exit  : 
		Unchanged: 
 Data sizes:     COMMON   BANK0   BANK1   BANK3   BANK2
      Params:         0       0       0       0       0
      Locals:         1       0       0       0       0
      Temps:          1       0       0       0       0
      Totals:         2       0       0       0       0
Total ram usage:        2 bytes
 Hardware stack levels used:    1
 This function calls:
		Nothing
 This function is called by:
		_strtol
 This function uses a non-reentrant model


 *************** function _isalpha *****************
 Defined at:
		line 13 in file "C:\Program Files (x86)\Microchip\xc8\v1.21\sources\common\isalpha.c"
 Parameters:    Size  Location     Type
  c               1    wreg     unsigned char 
 Auto vars:     Size  Location     Type
  c               1    3[COMMON] unsigned char 
 Return value:  Size  Location     Type
		None               void
 Registers used:
		wreg, status,2, status,0, pclath, cstack
 Tracked objects:
		On entry : 
		On exit  : 
		Unchanged: 
 Data sizes:     COMMON   BANK0   BANK1   BANK3   BANK2
      Params:         0       0       0       0       0
      Locals:         2       0       0       0       0
      Temps:          0       0       0       0       0
      Totals:         2       0       0       0       0
Total ram usage:        2 bytes
 Hardware stack levels used:    1
 Hardware stack levels required when called:    1
 This function calls:
		_isupper
 This function is called by:
		_strtol
 This function uses a non-reentrant model


 *************** function _isupper *****************
 Defined at:
		line 13 in file "C:\Program Files (x86)\Microchip\xc8\v1.21\sources\common\isupper.c"
 Parameters:    Size  Location     Type
  c               1    wreg     unsigned char 
 Auto vars:     Size  Location     Type
  c               1    1[COMMON] unsigned char 
 Return value:  Size  Location     Type
		None               void
 Registers used:
		wreg, status,2, status,0
 Tracked objects:
		On entry : 
		On exit  : 
		Unchanged: 
 Data sizes:     COMMON   BANK0   BANK1   BANK3   BANK2
      Params:         0       0       0       0       0
      Locals:         2       0       0       0       0
      Temps:          0       0       0       0       0
      Totals:         2       0       0       0       0
Total ram usage:        2 bytes
 Hardware stack levels used:    1
 This function calls:
		Nothing
 This function is called by:
		_isalpha
 This function uses a non-reentrant model


 *************** function _isspace *****************
 Defined at:
		line 13 in file "C:\Program Files (x86)\Microchip\xc8\v1.21\sources\common\isspace.c"
 Parameters:    Size  Location     Type
  c               1    wreg     unsigned char 
 Auto vars:     Size  Location     Type
  c               1    1[COMMON] unsigned char 
 Return value:  Size  Location     Type
		None               void
 Registers used:
		wreg, status,2, status,0
 Tracked objects:
		On entry : 
		On exit  : 
		Unchanged: 
 Data sizes:     COMMON   BANK0   BANK1   BANK3   BANK2
      Params:         0       0       0       0       0
      Locals:         2       0       0       0       0
      Temps:          0       0       0       0       0
      Totals:         2       0       0       0       0
Total ram usage:        2 bytes
 Hardware stack levels used:    1
 This function calls:
		Nothing
 This function is called by:
		_strtol
 This function uses a non-reentrant model


 *************** function ___lmul *****************
 Defined at:
		line 3 in file "C:\Program Files (x86)\Microchip\xc8\v1.21\sources\pic\lmul.c"
 Parameters:    Size  Location     Type
  multiplier      4    0[COMMON] unsigned long 
  multiplicand    4    4[COMMON] unsigned long 
 Auto vars:     Size  Location     Type
  product         4    9[COMMON] unsigned long 
 Return value:  Size  Location     Type
                  4    0[COMMON] unsigned long 
 Registers used:
		wreg, status,2, status,0
 Tracked objects:
		On entry : 
		On exit  : 
		Unchanged: 
 Data sizes:     COMMON   BANK0   BANK1   BANK3   BANK2
      Params:         8       0       0       0       0
      Locals:         4       0       0       0       0
      Temps:          1       0       0       0       0
      Totals:        13       0       0       0       0
Total ram usage:       13 bytes
 Hardware stack levels used:    1
 This function calls:
		Nothing
 This function is called by:
		_strtol
 This function uses a non-reentrant model


 *************** function _flush_RCREG *****************
 Defined at:
		line 181 in file "..\Header Files\..\C Source Code\USART_16F_MASTER.c"
 Parameters:    Size  Location     Type
		None
 Auto vars:     Size  Location     Type
		None
 Return value:  Size  Location     Type
		None               void
 Registers used:
		wreg
 Tracked objects:
		On entry : 
		On exit  : 
		Unchanged: 
 Data sizes:     COMMON   BANK0   BANK1   BANK3   BANK2
      Params:         0       0       0       0       0
      Locals:         0       0       0       0       0
      Temps:          1       0       0       0       0
      Totals:         1       0       0       0       0
Total ram usage:        1 bytes
 Hardware stack levels used:    1
 This function calls:
		Nothing
 This function is called by:
		_getRSSI
		_getIdentification
		_setDestination
		_enterCommandMode
		_exitCommandMode
		_main
 This function uses a non-reentrant model


 *************** function _send_USART_string *****************
 Defined at:
		line 151 in file "..\Header Files\..\C Source Code\USART_16F_MASTER.c"
 Parameters:    Size  Location     Type
  string          2    6[COMMON] PTR const unsigned char 
		 -> STR_15(8), STR_14(10), STR_13(10), STR_12(15), 
		 -> main@percentage(7), main@dBm(7), main@RSSI(5), main@mobile(17), 
		 -> main@broadcastNumber(4), main@sensor(17), STR_10(6), STR_9(4), 
		 -> STR_8(2), setDestination@subbuff2(9), STR_7(5), STR_6(2), 
		 -> setDestination@subbuff(9), STR_5(5), STR_4(6), STR_3(6), 
		 -> STR_1(6), 
 Auto vars:     Size  Location     Type
  iter            1   10[COMMON] unsigned char 
 Return value:  Size  Location     Type
		None               void
 Registers used:
		wreg, fsr0l, fsr0h, status,2, status,0, btemp+1, pclath, cstack
 Tracked objects:
		On entry : 
		On exit  : 
		Unchanged: 
 Data sizes:     COMMON   BANK0   BANK1   BANK3   BANK2
      Params:         2       0       0       0       0
      Locals:         1       0       0       0       0
      Temps:          2       0       0       0       0
      Totals:         5       0       0       0       0
Total ram usage:        5 bytes
 Hardware stack levels used:    1
 Hardware stack levels required when called:    2
 This function calls:
		_send_USART_char
		_strlen
 This function is called by:
		_getRSSI
		_getIdentification
		_setDestination
		_enterCommandMode
		_exitCommandMode
		_main
 This function uses a non-reentrant model


 *************** function _strlen *****************
 Defined at:
		line 5 in file "C:\Program Files (x86)\Microchip\xc8\v1.21\sources\common\strlen.c"
 Parameters:    Size  Location     Type
  s               2    0[COMMON] PTR const unsigned char 
		 -> STR_15(8), STR_14(10), STR_13(10), STR_12(15), 
		 -> main@percentage(7), main@dBm(7), main@RSSI(5), main@mobile(17), 
		 -> main@broadcastNumber(4), main@sensor(17), STR_10(6), STR_9(4), 
		 -> STR_8(2), setDestination@subbuff2(9), STR_7(5), STR_6(2), 
		 -> setDestination@subbuff(9), STR_5(5), STR_4(6), STR_3(6), 
		 -> STR_1(6), 
 Auto vars:     Size  Location     Type
  cp              2    4[COMMON] PTR const unsigned char 
		 -> STR_15(8), STR_14(10), STR_13(10), STR_12(15), 
		 -> main@percentage(7), main@dBm(7), main@RSSI(5), main@mobile(17), 
		 -> main@broadcastNumber(4), main@sensor(17), STR_10(6), STR_9(4), 
		 -> STR_8(2), setDestination@subbuff2(9), STR_7(5), STR_6(2), 
		 -> setDestination@subbuff(9), STR_5(5), STR_4(6), STR_3(6), 
		 -> STR_1(6), 
 Return value:  Size  Location     Type
                  2    0[COMMON] unsigned int 
 Registers used:
		wreg, fsr0l, fsr0h, status,2, status,0, btemp+1, pclath
 Tracked objects:
		On entry : 
		On exit  : 
		Unchanged: 
 Data sizes:     COMMON   BANK0   BANK1   BANK3   BANK2
      Params:         2       0       0       0       0
      Locals:         2       0       0       0       0
      Temps:          2       0       0       0       0
      Totals:         6       0       0       0       0
Total ram usage:        6 bytes
 Hardware stack levels used:    2
 This function calls:
		Nothing
 This function is called by:
		_send_USART_string
 This function uses a non-reentrant model


 *************** function _send_USART_char *****************
 Defined at:
		line 141 in file "..\Header Files\..\C Source Code\USART_16F_MASTER.c"
 Parameters:    Size  Location     Type
  character       1    wreg     unsigned char 
 Auto vars:     Size  Location     Type
  character       1    2[COMMON] unsigned char 
 Return value:  Size  Location     Type
		None               void
 Registers used:
		wreg, status,2, status,0, pclath, cstack
 Tracked objects:
		On entry : 
		On exit  : 
		Unchanged: 
 Data sizes:     COMMON   BANK0   BANK1   BANK3   BANK2
      Params:         0       0       0       0       0
      Locals:         1       0       0       0       0
      Temps:          1       0       0       0       0
      Totals:         2       0       0       0       0
Total ram usage:        2 bytes
 Hardware stack levels used:    1
 Hardware stack levels required when called:    1
 This function calls:
		_clear_usart_errors
 This function is called by:
		_send_USART_string
		_main
 This function uses a non-reentrant model


 *************** function _get_USART_char *****************
 Defined at:
		line 115 in file "..\Header Files\..\C Source Code\USART_16F_MASTER.c"
 Parameters:    Size  Location     Type
		None
 Auto vars:     Size  Location     Type
		None
 Return value:  Size  Location     Type
                  1    wreg      unsigned char 
 Registers used:
		wreg, status,2, status,0, pclath, cstack
 Tracked objects:
		On entry : 
		On exit  : 
		Unchanged: 
 Data sizes:     COMMON   BANK0   BANK1   BANK3   BANK2
      Params:         0       0       0       0       0
      Locals:         0       0       0       0       0
      Temps:          0       0       0       0       0
      Totals:         0       0       0       0       0
Total ram usage:        0 bytes
 Hardware stack levels used:    1
 Hardware stack levels required when called:    1
 This function calls:
		_clear_usart_errors
 This function is called by:
		_getRSSI
		_setDestination
		_enterCommandMode
		_exitCommandMode
		_main
 This function uses a non-reentrant model


 *************** function _clear_usart_errors *****************
 Defined at:
		line 161 in file "..\Header Files\..\C Source Code\USART_16F_MASTER.c"
 Parameters:    Size  Location     Type
		None
 Auto vars:     Size  Location     Type
		None
 Return value:  Size  Location     Type
		None               void
 Registers used:
		wreg
 Tracked objects:
		On entry : 
		On exit  : 
		Unchanged: 
 Data sizes:     COMMON   BANK0   BANK1   BANK3   BANK2
      Params:         0       0       0       0       0
      Locals:         0       0       0       0       0
      Temps:          1       0       0       0       0
      Totals:         1       0       0       0       0
Total ram usage:        1 bytes
 Hardware stack levels used:    1
 This function calls:
		Nothing
 This function is called by:
		_get_USART_char
		_get_USART_char_timeout
		_send_USART_char
 This function uses a non-reentrant model


 *************** function _USART_Init *****************
 Defined at:
		line 18 in file "..\Header Files\..\C Source Code\USART_16F_MASTER.c"
 Parameters:    Size  Location     Type
		None
 Auto vars:     Size  Location     Type
		None
 Return value:  Size  Location     Type
		None               void
 Registers used:
		wreg, fsr0l, fsr0h, status,2, status,0, pclath, cstack
 Tracked objects:
		On entry : 
		On exit  : 
		Unchanged: 
 Data sizes:     COMMON   BANK0   BANK1   BANK3   BANK2
      Params:         0       0       0       0       0
      Locals:         0       0       0       0       0
      Temps:          0       0       0       0       0
      Totals:         0       0       0       0       0
Total ram usage:        0 bytes
 Hardware stack levels used:    1
 Hardware stack levels required when called:    1
 This function calls:
		_Setup_Baud_Gen
 This function is called by:
		_main
 This function uses a non-reentrant model


 *************** function _Setup_Baud_Gen *****************
 Defined at:
		line 85 in file "..\Header Files\..\C Source Code\USART_16F_MASTER.c"
 Parameters:    Size  Location     Type
  BAUD            2    0[COMMON] int 
 Auto vars:     Size  Location     Type
		None
 Return value:  Size  Location     Type
		None               void
 Registers used:
		wreg, fsr0l, fsr0h, status,2, status,0
 Tracked objects:
		On entry : 
		On exit  : 
		Unchanged: 
 Data sizes:     COMMON   BANK0   BANK1   BANK3   BANK2
      Params:         2       0       0       0       0
      Locals:         0       0       0       0       0
      Temps:          0       0       0       0       0
      Totals:         2       0       0       0       0
Total ram usage:        2 bytes
 Hardware stack levels used:    1
 This function calls:
		Nothing
 This function is called by:
		_USART_Init
 This function uses a non-reentrant model



MODULE INFORMATION

Module		Function		Class		Link	Load	Size
..\Header Files\..\C Source Code\USART_16F_MASTER.c
		_send_USART_cha		CODE           	0E39	0000	20
		_flush_RCREG   		CODE           	0DF6	0000	15
		_get_USART_char		CODE           	0DCF	0000	11
		_send_USART_str		CODE           	0F29	0000	47
		_Setup_Baud_Gen		CODE           	00DF	0000	71
		_clear_usart_er		CODE           	0E4D	0000	23
		_get_USART_char		CODE           	0EFB	0000	46
		_USART_Init    		CODE           	0082	0000	30

..\Header Files\..\C Source Code\USART_16F_MASTER.c estimated size: 263

C:\Program Files (x86)\Microchip\xc8\v1.21\sources\pic\lwmod.c
		___lwmod       		CODE           	0F58	0000	52

C:\Program Files (x86)\Microchip\xc8\v1.21\sources\pic\lwmod.c estimated size: 52

C:\Program Files (x86)\Microchip\xc8\v1.21\sources\pic\lwdiv.c
		___lwdiv       		CODE           	0FC2	0000	62

C:\Program Files (x86)\Microchip\xc8\v1.21\sources\pic\lwdiv.c estimated size: 62

..\Header Files\..\C Source Code\ZIGBEE_16F_MASTER.c
		_enterCommandMo		CODE           	0F8C	0000	54
		_setDestination		CODE           	0126	0000	174
		_getRSSI       		CODE           	05C3	0000	562
		_exitCommandMod		CODE           	0E81	0000	36
		_getIdentificat		CODE           	02AD	0000	231

..\Header Files\..\C Source Code\ZIGBEE_16F_MASTER.c estimated size: 1057

C:\Program Files (x86)\Microchip\xc8\v1.21\sources\pic\lmul.c
		___lmul        		CODE           	00A0	0000	63

C:\Program Files (x86)\Microchip\xc8\v1.21\sources\pic\lmul.c estimated size: 63

XBSensor.c
		_main          		CODE           	04AA	0000	281
		_PIC_Initializa		CODE           	0E64	0000	29

XBSensor.c estimated size: 310

shared
		__stringtab    		STRING         	0003	0000	16
		__stringdata   		STRING         	001D	0000	101
		_dpowers       		STRING         	0013	0000	10
		__initializatio		CODE           	07F5	0000	7

shared estimated size: 134

C:\Program Files (x86)\Microchip\xc8\v1.21\sources\common\doprnt.c
		_sprintf       		CODE           	01D4	0000	217

C:\Program Files (x86)\Microchip\xc8\v1.21\sources\common\doprnt.c estimated size: 217

C:\Program Files (x86)\Microchip\xc8\v1.21\sources\common\isdigit.c
		_isdigit       		CODE           	0DE8	0000	14

C:\Program Files (x86)\Microchip\xc8\v1.21\sources\common\isdigit.c estimated size: 14

C:\Program Files (x86)\Microchip\xc8\v1.21\sources\common\strlen.c
		_strlen        		CODE           	0EA5	0000	41

C:\Program Files (x86)\Microchip\xc8\v1.21\sources\common\strlen.c estimated size: 41

C:\Program Files (x86)\Microchip\xc8\v1.21\sources\common\memcpy.c
		_memcpy        		CODE           	0ECE	0000	45

C:\Program Files (x86)\Microchip\xc8\v1.21\sources\common\memcpy.c estimated size: 45

C:\Program Files (x86)\Microchip\xc8\v1.21\sources\common\isupper.c
		_isupper       		CODE           	0DDA	0000	14

C:\Program Files (x86)\Microchip\xc8\v1.21\sources\common\isupper.c estimated size: 14

C:\Program Files (x86)\Microchip\xc8\v1.21\sources\common\strtol.c
		_strtol        		CODE           	0394	0000	278

C:\Program Files (x86)\Microchip\xc8\v1.21\sources\common\strtol.c estimated size: 278

C:\Program Files (x86)\Microchip\xc8\v1.21\sources\common\isalpha.c
		_isalpha       		CODE           	0E26	0000	19

C:\Program Files (x86)\Microchip\xc8\v1.21\sources\common\isalpha.c estimated size: 19

C:\Program Files (x86)\Microchip\xc8\v1.21\sources\common\isspace.c
		_isspace       		CODE           	0E14	0000	18

C:\Program Files (x86)\Microchip\xc8\v1.21\sources\common\isspace.c estimated size: 18

C:\Program Files (x86)\Microchip\xc8\v1.21\sources\common\toupper.c
		_toupper       		CODE           	0E05	0000	15

C:\Program Files (x86)\Microchip\xc8\v1.21\sources\common\toupper.c estimated size: 15

