Microchip MPLAB XC8 Compiler V1.30 ()

Linker command line:

--edf=C:\Program Files (x86)\Microchip\xc8\v1.30\dat\en_msgs.txt -cs \
  -h+dist/default/production\XBMobileNode.production.sym \
  --cmf=dist/default/production\XBMobileNode.production.cmf -z -Q16F886 \
  -oC:\Users\BRIANG~1\AppData\Local\Temp\s5c4.6 \
  -Mdist/default/production/XBMobileNode.production.map -E1 -ver=XC8 \
  -ASTACK=0110h-016fh -pstack=STACK -ACONST=00h-0FFhx32 -ACODE=00h-07FFhx4 \
  -ASTRCODE=00h-01FFFh -AENTRY=00h-0FFhx32 -ASTRING=00h-0FFhx32 \
  -ACOMMON=070h-07Fh -ABANK0=020h-06Fh -ABANK1=0A0h-0EFh \
  -ABANK2=0110h-016Fh -ABANK3=0190h-01EFh \
  -ARAM=020h-06Fh,0A0h-0EFh,0110h-016Fh,0190h-01EFh \
  -AABS1=020h-07Fh,0A0h-0EFh,0110h-016Fh,0190h-01EFh -ASFR0=00h-01Fh \
  -ASFR1=080h-09Fh -ASFR2=0100h-010Fh -ASFR3=0180h-018Fh \
  -preset_vec=00h,intentry,init,end_init -ppowerup=CODE -pcinit=CODE \
  -pfunctab=CODE -ACONFIG=02007h-02008h -pconfig=CONFIG -DCONFIG=2 \
  -AIDLOC=02000h-02003h -pidloc=IDLOC -DIDLOC=2 -AEEDATA=00h-0FFh/02100h \
  -peeprom_data=EEDATA -DEEDATA=2 -DCODE=2 -DSTRCODE=2 -DSTRING=2 -DCONST=2 \
  -DENTRY=2 -k C:\Users\BRIANG~1\AppData\Local\Temp\s5c4.obj \
  dist/default/production\XBMobileNode.production.obj 

Object code version is 3.11

Machine type is 16F886



                Name                               Link     Load   Length Selector   Space Scale
C:\Users\BRIANG~1\AppData\Local\Temp\s5c4.obj
                end_init                              0        0        3        0       0
                config                             2007     2007        1     400E       0
dist/default/production\XBMobileNode.production.obj
                cinit                               7F4      7F4        C      FE8       0
                text18                              1BF      1BF       1A      37E       0
                text17                              376      376       47      6EC       0
                text16                              1D9      1D9       1E      3B2       0
                text15                              185      185        F      30A       0
                text14                              1A8      1A8       17      350       0
                text13                              17A      17A        B      2F4       0
                text12                              194      194       14      328       0
                text11                              21B      21B       29      436       0
                text10                              29F      29F       2F      53E       0
                text9                               302      302       36      604       0
                text8                               1F7      1F7       24      3EE       0
                text7                               271      271       2E      4E2       0
                text6                               544      544       E7      A88       0
                text5                               244      244       2D      488       0
                text4                               3BD      3BD       AE      77A       0
                text3                               338      338       3E      670       0
                text2                               2CE      2CE       34      59C       0
                text1                               46B      46B       D9      8D6       0
                maintext                            62B      62B      1C9      C56       0
                cstackBANK0                          20       20       41       20       1
                cstackCOMMON                         70       70        E       70       1
                clrtext                             172      172        8      2E4       0
                bssBANK1                             A0       A0       10       A0       1
                bssBANK0                             61       61        1       20       1
                strings                               3        3       54        6       0

TOTAL           Name                               Link     Load   Length     Space
        CLASS   STACK          

        CLASS   CONST          

        CLASS   CODE           
                end_init                              0        0        3         0
                cinit                               7F4      7F4        C         0
                text18                              1BF      1BF       1A         0
                text17                              376      376       47         0
                text16                              1D9      1D9       1E         0
                text15                              185      185        F         0
                text14                              1A8      1A8       17         0
                text13                              17A      17A        B         0
                text12                              194      194       14         0
                text11                              21B      21B       29         0
                text10                              29F      29F       2F         0
                text9                               302      302       36         0
                text8                               1F7      1F7       24         0
                text7                               271      271       2E         0
                text6                               544      544       E7         0
                text5                               244      244       2D         0
                text4                               3BD      3BD       AE         0
                text3                               338      338       3E         0
                text2                               2CE      2CE       34         0
                text1                               46B      46B       D9         0
                maintext                            62B      62B      1C9         0
                clrtext                             172      172        8         0

        CLASS   STRCODE        

        CLASS   ENTRY          

        CLASS   STRING         
                strings                               3        3       54         0

        CLASS   COMMON         
                cstackCOMMON                         70       70        E         1

        CLASS   BANK0          
                cstackBANK0                          20       20       41         1
                bssBANK0                             61       61        1         1

        CLASS   BANK1          
                bssBANK1                             A0       A0       10         1

        CLASS   BANK2          

        CLASS   BANK3          

        CLASS   RAM            

        CLASS   ABS1           
                abs_s1                               7E       7E        2         1

        CLASS   SFR0           

        CLASS   SFR1           

        CLASS   SFR2           

        CLASS   SFR3           

        CLASS   CONFIG         
                config                             2007     2007        1         0

        CLASS   IDLOC          

        CLASS   EEDATA         



SEGMENTS        Name                           Load    Length   Top    Selector   Space  Class     Delta

                reset_vec                      000000  000003  000003         0       0  CODE        2
                strings                        000003  000054  000057         6       0  STRING      2
                cstackBANK0                    000020  000042  000062        20       1  BANK0       1
                cstackCOMMON                   000070  00000E  00007E        70       1  COMMON      1
                bssBANK1                       0000A0  000010  0000B0        A0       1  BANK1       1
                clrtext                        000172  000008  00017A       2E4       0  CODE        2
                text13                         00017A  00000B  000185       2F4       0  CODE        2
                text15                         000185  00000F  000194       30A       0  CODE        2
                text12                         000194  000014  0001A8       328       0  CODE        2
                text14                         0001A8  000017  0001BF       350       0  CODE        2
                text18                         0001BF  00001A  0001D9       37E       0  CODE        2
                text16                         0001D9  00001E  0001F7       3B2       0  CODE        2
                text8                          0001F7  000024  00021B       3EE       0  CODE        2
                text11                         00021B  000029  000244       436       0  CODE        2
                text5                          000244  00002D  000271       488       0  CODE        2
                text7                          000271  00002E  00029F       4E2       0  CODE        2
                text10                         00029F  00002F  0002CE       53E       0  CODE        2
                text2                          0002CE  000034  000302       59C       0  CODE        2
                text9                          000302  000036  000338       604       0  CODE        2
                text3                          000338  00003E  000376       670       0  CODE        2
                text17                         000376  000047  0003BD       6EC       0  CODE        2
                text4                          0003BD  0000AE  00046B       77A       0  CODE        2
                text1                          00046B  0000D9  000544       8D6       0  CODE        2
                text6                          000544  0000E7  00062B       A88       0  CODE        2
                maintext                       00062B  0001C9  0007F4       C56       0  CODE        2
                cinit                          0007F4  00000C  000800       FE8       0  CODE        2
                config                         002007  000001  002008      400E       0  CONFIG      2


UNUSED ADDRESS RANGES

        Name                Unused          Largest block    Delta
        BANK0            0062-006F              E           1
        BANK1            00B0-00EF             40           1
        BANK2            0110-016F             60           1
        BANK3            0190-01EF             60           1
        CODE             0057-0171            11B           2
                         0800-1FFF            800
        CONFIG           2008-2008              1           2
        CONST            0057-0171             A9           2
                         0800-1FFF            100
        EEDATA           2100-21FF            100           2
        ENTRY            0057-0171             A9           2
                         0800-1FFF            100
        IDLOC            2000-2003              4           2
        RAM              0062-006F              E           1
                         00B0-00EF             40
                         0110-016F             60
                         0190-01EF             60
        SFR0             0000-001F             20           1
        SFR1             0080-009F             20           1
        SFR2             0100-010F             10           1
        SFR3             0180-018F             10           1
        STACK            0110-016F             60           1
        STRCODE          0057-0171            11B           2
                         0800-1FFF           1800
        STRING           0057-0171             A9           2
                         0800-1FFF            100

                                  Symbol Table

?___lwdiv                          cstackCOMMON 0070
?___lwmod                          cstackCOMMON 0078
?_sprintf                          cstackBANK0  0020
?_strlen                           cstackCOMMON 0070
Setup_Baud_Gen@BAUD                cstackCOMMON 0070
_ANSEL                             (abs)        0188
_ANSELH                            (abs)        0189
_BRG16                             (abs)        0C3B
_BRGH                              (abs)        04C2
_BYTES_BUFFER                      bssBANK1     00A0
_CREN                              (abs)        00C4
_FERR                              (abs)        00C2
_GIE                               (abs)        005F
_OERR                              (abs)        00C1
_OPTION_REG                        (abs)        0081
_PIC_Initialization                text18       01BF
_PORTA                             (abs)        0005
_PORTB                             (abs)        0006
_PORTC                             (abs)        0007
_PSTRCON                           (abs)        009D
_RA7                               (abs)        002F
_RB0                               (abs)        0030
_RB1                               (abs)        0031
_RCIE                              (abs)        0465
_RCIF                              (abs)        0065
_RCREG                             (abs)        001A
_RX9                               (abs)        00C6
_SPBRG                             (abs)        0099
_SPBRGH                            (abs)        009A
_SPEN                              (abs)        00C7
_SYNC                              (abs)        04C4
_Setup_Baud_Gen                    text17       0376
_TRISA                             (abs)        0085
_TRISB                             (abs)        0086
_TRISC                             (abs)        0087
_TX9                               (abs)        04C6
_TXEN                              (abs)        04C5
_TXIE                              (abs)        0464
_TXIF                              (abs)        0064
_TXREG                             (abs)        0019
_USART_Init                        text16       01D9
_WDTCON                            (abs)        0105
__CFG_BOREN$OFF                    (abs)        0000
__CFG_FCMEN$OFF                    (abs)        0000
__CFG_FOSC$INTRC_NOCLKOUT          (abs)        0000
__CFG_IESO$OFF                     (abs)        0000
__CFG_LVP$OFF                      (abs)        0000
__CFG_MCLRE$OFF                    (abs)        0000
__CFG_WDTE$OFF                     (abs)        0000
__Habs1                            abs1         0000
__Hbank0                           bank0        0000
__Hbank1                           bank1        0000
__Hbank2                           bank2        0000
__Hbank3                           bank3        0000
__HbssBANK0                        bssBANK0     0000
__HbssBANK1                        bssBANK1     0000
__Hcinit                           cinit        0800
__Hclrtext                         clrtext      0000
__Hcode                            code         0000
__Hcommon                          common       0000
__Hconfig                          config       2008
__HcstackBANK0                     cstackBANK0  0000
__HcstackCOMMON                    cstackCOMMON 0000
__Heeprom_data                     eeprom_data  0000
__Hend_init                        end_init     0003
__Hfunctab                         functab      0000
__Hidloc                           idloc        0000
__Hinit                            init         0000
__Hintentry                        intentry     0000
__Hmaintext                        maintext     0000
__Hpowerup                         powerup      0000
__Hram                             ram          0000
__Hreset_vec                       reset_vec    0000
__Hsfr0                            sfr0         0000
__Hsfr1                            sfr1         0000
__Hsfr2                            sfr2         0000
__Hsfr3                            sfr3         0000
__Hstack                           stack        0000
__Hstrings                         strings      0000
__Htext                            text         0000
__Labs1                            abs1         0000
__Lbank0                           bank0        0000
__Lbank1                           bank1        0000
__Lbank2                           bank2        0000
__Lbank3                           bank3        0000
__LbssBANK0                        bssBANK0     0000
__LbssBANK1                        bssBANK1     0000
__Lcinit                           cinit        07F4
__Lclrtext                         clrtext      0000
__Lcode                            code         0000
__Lcommon                          common       0000
__Lconfig                          config       2007
__LcstackBANK0                     cstackBANK0  0000
__LcstackCOMMON                    cstackCOMMON 0000
__Leeprom_data                     eeprom_data  0000
__Lend_init                        end_init     0000
__Lfunctab                         functab      0000
__Lidloc                           idloc        0000
__Linit                            init         0000
__Lintentry                        intentry     0000
__Lmaintext                        maintext     0000
__Lpowerup                         powerup      0000
__Lram                             ram          0000
__Lreset_vec                       reset_vec    0000
__Lsfr0                            sfr0         0000
__Lsfr1                            sfr1         0000
__Lsfr2                            sfr2         0000
__Lsfr3                            sfr3         0000
__Lstack                           stack        0000
__Lstrings                         strings      0000
__Ltext                            text         0000
__S0                               (abs)        2008
__S1                               (abs)        00B0
__S2                               (abs)        0000
__S3                               (abs)        0000
___int_sp                          stack        0000
___latbits                         (abs)        0002
___lwdiv                           text3        0338
___lwdiv@counter                   cstackCOMMON 0077
___lwdiv@dividend                  cstackCOMMON 0072
___lwdiv@divisor                   cstackCOMMON 0070
___lwdiv@quotient                  cstackCOMMON 0075
___lwmod                           text2        02CE
___lwmod@counter                   cstackCOMMON 007D
___lwmod@dividend                  cstackCOMMON 007A
___lwmod@divisor                   cstackCOMMON 0078
___sp                              stack        0000
__end_of_PIC_Initialization        text18       01D9
__end_of_Setup_Baud_Gen            text17       03BD
__end_of_USART_Init                text16       01F7
__end_of___lwdiv                   text3        0376
__end_of___lwmod                   text2        0302
__end_of__initialization           cinit        07FC
__end_of__stringdata               strings      0057
__end_of__stringtab                strings      0013
__end_of_clear_usart_errors        text14       01BF
__end_of_dpowers                   strings      001D
__end_of_enterCommandMode          text9        0338
__end_of_exitCommandMode           text8        021B
__end_of_flush_RCREG               text15       0194
__end_of_getIdentification         text6        062B
__end_of_get_USART_char            text13       0185
__end_of_get_USART_char_timeout    text7        029F
__end_of_main                      maintext     07F4
__end_of_memcpy                    text5        0271
__end_of_send_USART_char           text12       01A8
__end_of_send_USART_string         text10       02CE
__end_of_setDestination            text4        046B
__end_of_sprintf                   text1        0544
__end_of_strlen                    text11       0244
__initialization                   cinit        07F4
__pbssBANK0                        bssBANK0     0061
__pbssBANK1                        bssBANK1     00A0
__pcstackBANK0                     cstackBANK0  0020
__pcstackCOMMON                    cstackCOMMON 0070
__pmaintext                        maintext     062B
__pstrings                         strings      0003
__ptext1                           text1        046B
__ptext10                          text10       029F
__ptext11                          text11       021B
__ptext12                          text12       0194
__ptext13                          text13       017A
__ptext14                          text14       01A8
__ptext15                          text15       0185
__ptext16                          text16       01D9
__ptext17                          text17       0376
__ptext18                          text18       01BF
__ptext2                           text2        02CE
__ptext3                           text3        0338
__ptext4                           text4        03BD
__ptext5                           text5        0244
__ptext6                           text6        0544
__ptext7                           text7        0271
__ptext8                           text8        01F7
__ptext9                           text9        0302
__size_of_PIC_Initialization       (abs)        0000
__size_of_Setup_Baud_Gen           (abs)        0000
__size_of_USART_Init               (abs)        0000
__size_of___lwdiv                  (abs)        0000
__size_of___lwmod                  (abs)        0000
__size_of_clear_usart_errors       (abs)        0000
__size_of_enterCommandMode         (abs)        0000
__size_of_exitCommandMode          (abs)        0000
__size_of_flush_RCREG              (abs)        0000
__size_of_getIdentification        (abs)        0000
__size_of_get_USART_char           (abs)        0000
__size_of_get_USART_char_timeout   (abs)        0000
__size_of_main                     (abs)        0000
__size_of_memcpy                   (abs)        0000
__size_of_send_USART_char          (abs)        0000
__size_of_send_USART_string        (abs)        0000
__size_of_setDestination           (abs)        0000
__size_of_sprintf                  (abs)        0000
__size_of_strlen                   (abs)        0000
__stringbase                       strings      0012
__stringdata                       strings      001D
__stringtab                        strings      0003
_clear_usart_errors                text14       01A8
_dpowers                           strings      0013
_dummy                             bssBANK0     0061
_enterCommandMode                  text9        0302
_exitCommandMode                   text8        01F7
_flush_RCREG                       text15       0185
_getIdentification                 text6        0544
_get_USART_char                    text13       017A
_get_USART_char_timeout            text7        0271
_main                              maintext     062B
_memcpy                            text5        0244
_send_USART_char                   text12       0194
_send_USART_string                 text10       029F
_setDestination                    text4        03BD
_sprintf                           text1        046B
_strlen                            text11       021B
btemp                              (abs)        007E
clear_ram0                         clrtext      0172
end_of_initialization              cinit        07FC
enterCommandMode@iter              cstackCOMMON 007D
exitCommandMode@iter               cstackCOMMON 007C
getIdentification@iter             cstackBANK0  0029
getIdentification@iter_128         cstackBANK0  002A
getIdentification@iter_129         cstackBANK0  002D
getIdentification@iter_130         cstackBANK0  002E
getIdentification@iter_132         cstackBANK0  002B
getIdentification@iter_133         cstackBANK0  002F
getIdentification@iter_134         cstackBANK0  0030
getIdentification@offset           cstackBANK0  0028
getIdentification@result           cstackBANK0  002C
getIdentification@temp             cstackBANK0  0020
get_USART_char_timeout@timeout_int cstackCOMMON 0071
intlevel0                          functab      0000
intlevel1                          functab      0000
intlevel2                          functab      0000
intlevel3                          functab      0000
intlevel4                          functab      0000
intlevel5                          functab      0000
ltemp                              (abs)        007E
ltemp0                             (abs)        007E
ltemp1                             (abs)        0082
ltemp2                             (abs)        0086
ltemp3                             (abs)        0080
main@broadcastNumber               cstackBANK0  005F
main@broadcastNumberBuf            cstackBANK0  0049
main@lightingValue                 cstackBANK0  005D
main@lightingValueBuf              cstackBANK0  0053
main@mobile                        cstackBANK0  0038
memcpy@d                           cstackCOMMON 0074
memcpy@d1                          cstackCOMMON 0076
memcpy@n                           cstackCOMMON 0071
memcpy@s                           cstackCOMMON 0075
memcpy@s1                          cstackCOMMON 0070
reset_vec                          reset_vec    0000
send_USART_char@character          cstackCOMMON 0072
send_USART_string@iter             cstackCOMMON 007A
send_USART_string@string           cstackCOMMON 0076
setDestination@destination         cstackBANK0  0032
setDestination@iter                cstackBANK0  0033
setDestination@iter_144            cstackBANK0  0034
setDestination@subbuff             cstackBANK0  0020
setDestination@subbuff2            cstackBANK0  0029
sprintf@_val                       cstackBANK0  0029
sprintf@ap                         cstackBANK0  0026
sprintf@c                          cstackBANK0  002E
sprintf@f                          cstackBANK0  0020
sprintf@flag                       cstackBANK0  0027
sprintf@prec                       cstackBANK0  0028
sprintf@sp                         cstackBANK0  002D
stackhi                            (abs)        0000
stacklo                            (abs)        0000
start                              init         0000
start_initialization               cinit        07F4
strlen@cp                          cstackCOMMON 0074
strlen@s                           cstackCOMMON 0070
ttemp                              (abs)        007E
ttemp0                             (abs)        007E
ttemp1                             (abs)        0081
ttemp2                             (abs)        0084
ttemp3                             (abs)        0087
ttemp4                             (abs)        007F
wtemp                              (abs)        007E
wtemp0                             (abs)        007E
wtemp1                             (abs)        0080
wtemp2                             (abs)        0082
wtemp3                             (abs)        0084
wtemp4                             (abs)        0086
wtemp5                             (abs)        0088
wtemp6                             (abs)        007F


FUNCTION INFORMATION:

 *************** function _main *****************
 Defined at:
		line 26 in file "XBMobileNode.c"
 Parameters:    Size  Location     Type
		None
 Auto vars:     Size  Location     Type
  mobile         17   24[BANK0 ] unsigned char [17]
  lightingValu   10   51[BANK0 ] unsigned char [10]
  broadcastNum   10   41[BANK0 ] unsigned char [10]
  broadcastNum    2   63[BANK0 ] int 
  lightingValu    2   61[BANK0 ] int 
 Return value:  Size  Location     Type
		None               void
 Registers used:
		wreg, fsr0l, fsr0h, status,2, status,0, btemp+1, pclath, cstack
 Tracked objects:
		On entry : 
		On exit  : 
		Unchanged: 
 Data sizes:     COMMON   BANK0   BANK1   BANK3   BANK2
      Params:         0       0       0       0       0
      Locals:         0      41       0       0       0
      Temps:          0       3       0       0       0
      Totals:         0      44       0       0       0
Total ram usage:       44 bytes
 Hardware stack levels required when called:    4
 This function calls:
		_PIC_Initialization
		_USART_Init
		_enterCommandMode
		_exitCommandMode
		_getIdentification
		_send_USART_char
		_send_USART_string
		_setDestination
		_sprintf
 This function is called by:
		Startup code after reset
 This function uses a non-reentrant model


 *************** function _sprintf *****************
 Defined at:
		line 492 in file "C:\Program Files (x86)\Microchip\xc8\v1.30\sources\common\doprnt.c"
 Parameters:    Size  Location     Type
  sp              1    wreg     PTR unsigned char 
		 -> main@broadcastNumberBuf(10), main@lightingValueBuf(10), getRSSI@dBmbuf(2), 
  f               1    0[BANK0 ] PTR const unsigned char 
		 -> STR_17(3), STR_16(3), STR_15(3), STR_14(3), 
		 -> STR_13(3), STR_12(3), STR_2(3), 
 Auto vars:     Size  Location     Type
  sp              1   13[BANK0 ] PTR unsigned char 
		 -> main@broadcastNumberBuf(10), main@lightingValueBuf(10), getRSSI@dBmbuf(2), 
  _val            4    9[BANK0 ] struct .
  c               1   14[BANK0 ] char 
  prec            1    8[BANK0 ] char 
  flag            1    7[BANK0 ] unsigned char 
  ap              1    6[BANK0 ] PTR void [1]
		 -> ?_sprintf(2), 
 Return value:  Size  Location     Type
                  2    0[BANK0 ] int 
 Registers used:
		wreg, fsr0l, fsr0h, status,2, status,0, btemp+1, pclath, cstack
 Tracked objects:
		On entry : 
		On exit  : 
		Unchanged: 
 Data sizes:     COMMON   BANK0   BANK1   BANK3   BANK2
      Params:         0       3       0       0       0
      Locals:         0       9       0       0       0
      Temps:          0       3       0       0       0
      Totals:         0      15       0       0       0
Total ram usage:       15 bytes
 Hardware stack levels used:    1
 Hardware stack levels required when called:    1
 This function calls:
		___lwdiv
		___lwmod
 This function is called by:
		_main
		_getRSSI
 This function uses a non-reentrant model


 *************** function ___lwmod *****************
 Defined at:
		line 6 in file "C:\Program Files (x86)\Microchip\xc8\v1.30\sources\common\lwmod.c"
 Parameters:    Size  Location     Type
  divisor         2    8[COMMON] unsigned int 
  dividend        2   10[COMMON] unsigned int 
 Auto vars:     Size  Location     Type
  counter         1   13[COMMON] unsigned char 
 Return value:  Size  Location     Type
                  2    8[COMMON] unsigned int 
 Registers used:
		wreg, status,2, status,0
 Tracked objects:
		On entry : 
		On exit  : 
		Unchanged: 
 Data sizes:     COMMON   BANK0   BANK1   BANK3   BANK2
      Params:         4       0       0       0       0
      Locals:         1       0       0       0       0
      Temps:          1       0       0       0       0
      Totals:         6       0       0       0       0
Total ram usage:        6 bytes
 Hardware stack levels used:    1
 This function calls:
		Nothing
 This function is called by:
		_sprintf
 This function uses a non-reentrant model


 *************** function ___lwdiv *****************
 Defined at:
		line 6 in file "C:\Program Files (x86)\Microchip\xc8\v1.30\sources\common\lwdiv.c"
 Parameters:    Size  Location     Type
  divisor         2    0[COMMON] unsigned int 
  dividend        2    2[COMMON] unsigned int 
 Auto vars:     Size  Location     Type
  quotient        2    5[COMMON] unsigned int 
  counter         1    7[COMMON] unsigned char 
 Return value:  Size  Location     Type
                  2    0[COMMON] unsigned int 
 Registers used:
		wreg, status,2, status,0
 Tracked objects:
		On entry : 
		On exit  : 
		Unchanged: 
 Data sizes:     COMMON   BANK0   BANK1   BANK3   BANK2
      Params:         4       0       0       0       0
      Locals:         3       0       0       0       0
      Temps:          1       0       0       0       0
      Totals:         8       0       0       0       0
Total ram usage:        8 bytes
 Hardware stack levels used:    1
 This function calls:
		Nothing
 This function is called by:
		_sprintf
 This function uses a non-reentrant model


 *************** function _setDestination *****************
 Defined at:
		line 145 in file "..\Header Files\..\C Source Code\ZIGBEE_16F_MASTER.c"
 Parameters:    Size  Location     Type
  destination     1    wreg     PTR const unsigned char 
		 -> STR_11(17), 
 Auto vars:     Size  Location     Type
  destination     1   18[BANK0 ] PTR const unsigned char 
		 -> STR_11(17), 
  iter            1   20[BANK0 ] unsigned char 
  iter            1   19[BANK0 ] unsigned char 
  subbuff2        9    9[BANK0 ] unsigned char [9]
  subbuff         9    0[BANK0 ] unsigned char [9]
 Return value:  Size  Location     Type
		None               void
 Registers used:
		wreg, fsr0l, fsr0h, status,2, status,0, btemp+1, pclath, cstack
 Tracked objects:
		On entry : 
		On exit  : 
		Unchanged: 
 Data sizes:     COMMON   BANK0   BANK1   BANK3   BANK2
      Params:         0       0       0       0       0
      Locals:         0      21       0       0       0
      Temps:          2       0       0       0       0
      Totals:         2      21       0       0       0
Total ram usage:       23 bytes
 Hardware stack levels used:    1
 Hardware stack levels required when called:    3
 This function calls:
		_flush_RCREG
		_get_USART_char
		_memcpy
		_send_USART_string
 This function is called by:
		_main
 This function uses a non-reentrant model


 *************** function _memcpy *****************
 Defined at:
		line 11 in file "C:\Program Files (x86)\Microchip\xc8\v1.30\sources\common\memcpy.c"
 Parameters:    Size  Location     Type
  d1              1    wreg     PTR void 
		 -> setDestination@subbuff2(9), setDestination@subbuff(9), 
  s1              1    0[COMMON] PTR const void 
		 -> STR_11(17), 
  n               2    1[COMMON] unsigned int 
 Auto vars:     Size  Location     Type
  d1              1    6[COMMON] PTR void 
		 -> setDestination@subbuff2(9), setDestination@subbuff(9), 
  s               1    5[COMMON] PTR const unsigned char 
		 -> STR_11(17), 
  d               1    4[COMMON] PTR unsigned char 
		 -> setDestination@subbuff2(9), setDestination@subbuff(9), 
 Return value:  Size  Location     Type
                  1    wreg      PTR void 
 Registers used:
		wreg, fsr0l, fsr0h, status,2, status,0, pclath
 Tracked objects:
		On entry : 
		On exit  : 
		Unchanged: 
 Data sizes:     COMMON   BANK0   BANK1   BANK3   BANK2
      Params:         3       0       0       0       0
      Locals:         3       0       0       0       0
      Temps:          1       0       0       0       0
      Totals:         7       0       0       0       0
Total ram usage:        7 bytes
 Hardware stack levels used:    2
 This function calls:
		Nothing
 This function is called by:
		_setDestination
 This function uses a non-reentrant model


 *************** function _getIdentification *****************
 Defined at:
		line 80 in file "..\Header Files\..\C Source Code\ZIGBEE_16F_MASTER.c"
 Parameters:    Size  Location     Type
  result          1    wreg     PTR unsigned char 
		 -> main@mobile(17), 
 Auto vars:     Size  Location     Type
  result          1   12[BANK0 ] PTR unsigned char 
		 -> main@mobile(17), 
  iter            1   16[BANK0 ] unsigned char 
  iter            1   15[BANK0 ] char 
  iter            1   11[BANK0 ] unsigned char 
  iter            1   14[BANK0 ] unsigned char 
  iter            1   13[BANK0 ] char 
  iter            1   10[BANK0 ] unsigned char 
  iter            1    9[BANK0 ] unsigned char 
  temp            8    0[BANK0 ] unsigned char [8]
  offset          1    8[BANK0 ] unsigned char 
 Return value:  Size  Location     Type
		None               void
 Registers used:
		wreg, fsr0l, fsr0h, status,2, status,0, btemp+1, pclath, cstack
 Tracked objects:
		On entry : 
		On exit  : 
		Unchanged: 
 Data sizes:     COMMON   BANK0   BANK1   BANK3   BANK2
      Params:         0       0       0       0       0
      Locals:         0      17       0       0       0
      Temps:          2       0       0       0       0
      Totals:         2      17       0       0       0
Total ram usage:       19 bytes
 Hardware stack levels used:    1
 Hardware stack levels required when called:    3
 This function calls:
		_flush_RCREG
		_get_USART_char_timeout
		_send_USART_string
 This function is called by:
		_main
 This function uses a non-reentrant model


 *************** function _get_USART_char_timeout *****************
 Defined at:
		line 124 in file "..\Header Files\..\C Source Code\USART_16F_MASTER.c"
 Parameters:    Size  Location     Type
		None
 Auto vars:     Size  Location     Type
  timeout_int     2    1[COMMON] int 
 Return value:  Size  Location     Type
                  1    wreg      unsigned char 
 Registers used:
		wreg, status,2, status,0, btemp+1, pclath, cstack
 Tracked objects:
		On entry : 
		On exit  : 
		Unchanged: 
 Data sizes:     COMMON   BANK0   BANK1   BANK3   BANK2
      Params:         0       0       0       0       0
      Locals:         2       0       0       0       0
      Temps:          0       0       0       0       0
      Totals:         2       0       0       0       0
Total ram usage:        2 bytes
 Hardware stack levels used:    1
 Hardware stack levels required when called:    1
 This function calls:
		_clear_usart_errors
 This function is called by:
		_getIdentification
 This function uses a non-reentrant model


 *************** function _exitCommandMode *****************
 Defined at:
		line 223 in file "..\Header Files\..\C Source Code\ZIGBEE_16F_MASTER.c"
 Parameters:    Size  Location     Type
		None
 Auto vars:     Size  Location     Type
  iter            1   12[COMMON] unsigned char 
 Return value:  Size  Location     Type
		None               void
 Registers used:
		wreg, fsr0l, fsr0h, status,2, status,0, btemp+1, pclath, cstack
 Tracked objects:
		On entry : 
		On exit  : 
		Unchanged: 
 Data sizes:     COMMON   BANK0   BANK1   BANK3   BANK2
      Params:         0       0       0       0       0
      Locals:         1       0       0       0       0
      Temps:          1       0       0       0       0
      Totals:         2       0       0       0       0
Total ram usage:        2 bytes
 Hardware stack levels used:    1
 Hardware stack levels required when called:    3
 This function calls:
		_flush_RCREG
		_get_USART_char
		_send_USART_string
 This function is called by:
		_main
 This function uses a non-reentrant model


 *************** function _enterCommandMode *****************
 Defined at:
		line 188 in file "..\Header Files\..\C Source Code\ZIGBEE_16F_MASTER.c"
 Parameters:    Size  Location     Type
		None
 Auto vars:     Size  Location     Type
  iter            1   13[COMMON] unsigned char 
 Return value:  Size  Location     Type
		None               void
 Registers used:
		wreg, fsr0l, fsr0h, status,2, status,0, btemp+1, pclath, cstack
 Tracked objects:
		On entry : 
		On exit  : 
		Unchanged: 
 Data sizes:     COMMON   BANK0   BANK1   BANK3   BANK2
      Params:         0       0       0       0       0
      Locals:         1       0       0       0       0
      Temps:          2       0       0       0       0
      Totals:         3       0       0       0       0
Total ram usage:        3 bytes
 Hardware stack levels used:    1
 Hardware stack levels required when called:    3
 This function calls:
		_flush_RCREG
		_get_USART_char
		_send_USART_string
 This function is called by:
		_main
 This function uses a non-reentrant model


 *************** function _send_USART_string *****************
 Defined at:
		line 150 in file "..\Header Files\..\C Source Code\USART_16F_MASTER.c"
 Parameters:    Size  Location     Type
  string          2    6[COMMON] PTR const unsigned char 
		 -> main@broadcastNumberBuf(10), main@lightingValueBuf(10), main@mobile(17), STR_10(6), 
		 -> STR_9(4), STR_8(2), setDestination@subbuff2(9), STR_7(5), 
		 -> STR_6(2), setDestination@subbuff(9), STR_5(5), STR_4(6), 
		 -> STR_3(6), STR_1(6), 
 Auto vars:     Size  Location     Type
  iter            1   10[COMMON] unsigned char 
 Return value:  Size  Location     Type
		None               void
 Registers used:
		wreg, fsr0l, fsr0h, status,2, status,0, btemp+1, pclath, cstack
 Tracked objects:
		On entry : 
		On exit  : 
		Unchanged: 
 Data sizes:     COMMON   BANK0   BANK1   BANK3   BANK2
      Params:         2       0       0       0       0
      Locals:         1       0       0       0       0
      Temps:          2       0       0       0       0
      Totals:         5       0       0       0       0
Total ram usage:        5 bytes
 Hardware stack levels used:    1
 Hardware stack levels required when called:    2
 This function calls:
		_send_USART_char
		_strlen
 This function is called by:
		_getIdentification
		_setDestination
		_enterCommandMode
		_exitCommandMode
		_main
		_getRSSI
 This function uses a non-reentrant model


 *************** function _strlen *****************
 Defined at:
		line 4 in file "C:\Program Files (x86)\Microchip\xc8\v1.30\sources\common\strlen.c"
 Parameters:    Size  Location     Type
  s               2    0[COMMON] PTR const unsigned char 
		 -> main@broadcastNumberBuf(10), main@lightingValueBuf(10), main@mobile(17), STR_10(6), 
		 -> STR_9(4), STR_8(2), setDestination@subbuff2(9), STR_7(5), 
		 -> STR_6(2), setDestination@subbuff(9), STR_5(5), STR_4(6), 
		 -> STR_3(6), STR_1(6), 
 Auto vars:     Size  Location     Type
  cp              2    4[COMMON] PTR const unsigned char 
		 -> main@broadcastNumberBuf(10), main@lightingValueBuf(10), main@mobile(17), STR_10(6), 
		 -> STR_9(4), STR_8(2), setDestination@subbuff2(9), STR_7(5), 
		 -> STR_6(2), setDestination@subbuff(9), STR_5(5), STR_4(6), 
		 -> STR_3(6), STR_1(6), 
 Return value:  Size  Location     Type
                  2    0[COMMON] unsigned int 
 Registers used:
		wreg, fsr0l, fsr0h, status,2, status,0, btemp+1, pclath
 Tracked objects:
		On entry : 
		On exit  : 
		Unchanged: 
 Data sizes:     COMMON   BANK0   BANK1   BANK3   BANK2
      Params:         2       0       0       0       0
      Locals:         2       0       0       0       0
      Temps:          2       0       0       0       0
      Totals:         6       0       0       0       0
Total ram usage:        6 bytes
 Hardware stack levels used:    2
 This function calls:
		Nothing
 This function is called by:
		_send_USART_string
 This function uses a non-reentrant model


 *************** function _send_USART_char *****************
 Defined at:
		line 140 in file "..\Header Files\..\C Source Code\USART_16F_MASTER.c"
 Parameters:    Size  Location     Type
  character       1    wreg     unsigned char 
 Auto vars:     Size  Location     Type
  character       1    2[COMMON] unsigned char 
 Return value:  Size  Location     Type
		None               void
 Registers used:
		wreg, status,2, status,0, pclath, cstack
 Tracked objects:
		On entry : 
		On exit  : 
		Unchanged: 
 Data sizes:     COMMON   BANK0   BANK1   BANK3   BANK2
      Params:         0       0       0       0       0
      Locals:         1       0       0       0       0
      Temps:          1       0       0       0       0
      Totals:         2       0       0       0       0
Total ram usage:        2 bytes
 Hardware stack levels used:    1
 Hardware stack levels required when called:    1
 This function calls:
		_clear_usart_errors
 This function is called by:
		_send_USART_string
		_main
 This function uses a non-reentrant model


 *************** function _get_USART_char *****************
 Defined at:
		line 114 in file "..\Header Files\..\C Source Code\USART_16F_MASTER.c"
 Parameters:    Size  Location     Type
		None
 Auto vars:     Size  Location     Type
		None
 Return value:  Size  Location     Type
                  1    wreg      unsigned char 
 Registers used:
		wreg, status,2, status,0, pclath, cstack
 Tracked objects:
		On entry : 
		On exit  : 
		Unchanged: 
 Data sizes:     COMMON   BANK0   BANK1   BANK3   BANK2
      Params:         0       0       0       0       0
      Locals:         0       0       0       0       0
      Temps:          0       0       0       0       0
      Totals:         0       0       0       0       0
Total ram usage:        0 bytes
 Hardware stack levels used:    1
 Hardware stack levels required when called:    1
 This function calls:
		_clear_usart_errors
 This function is called by:
		_setDestination
		_enterCommandMode
		_exitCommandMode
		_getRSSI
 This function uses a non-reentrant model


 *************** function _clear_usart_errors *****************
 Defined at:
		line 160 in file "..\Header Files\..\C Source Code\USART_16F_MASTER.c"
 Parameters:    Size  Location     Type
		None
 Auto vars:     Size  Location     Type
		None
 Return value:  Size  Location     Type
		None               void
 Registers used:
		wreg
 Tracked objects:
		On entry : 
		On exit  : 
		Unchanged: 
 Data sizes:     COMMON   BANK0   BANK1   BANK3   BANK2
      Params:         0       0       0       0       0
      Locals:         0       0       0       0       0
      Temps:          1       0       0       0       0
      Totals:         1       0       0       0       0
Total ram usage:        1 bytes
 Hardware stack levels used:    1
 This function calls:
		Nothing
 This function is called by:
		_get_USART_char
		_get_USART_char_timeout
		_send_USART_char
 This function uses a non-reentrant model


 *************** function _flush_RCREG *****************
 Defined at:
		line 180 in file "..\Header Files\..\C Source Code\USART_16F_MASTER.c"
 Parameters:    Size  Location     Type
		None
 Auto vars:     Size  Location     Type
		None
 Return value:  Size  Location     Type
		None               void
 Registers used:
		wreg
 Tracked objects:
		On entry : 
		On exit  : 
		Unchanged: 
 Data sizes:     COMMON   BANK0   BANK1   BANK3   BANK2
      Params:         0       0       0       0       0
      Locals:         0       0       0       0       0
      Temps:          1       0       0       0       0
      Totals:         1       0       0       0       0
Total ram usage:        1 bytes
 Hardware stack levels used:    1
 This function calls:
		Nothing
 This function is called by:
		_getIdentification
		_setDestination
		_enterCommandMode
		_exitCommandMode
		_getRSSI
 This function uses a non-reentrant model


 *************** function _USART_Init *****************
 Defined at:
		line 17 in file "..\Header Files\..\C Source Code\USART_16F_MASTER.c"
 Parameters:    Size  Location     Type
		None
 Auto vars:     Size  Location     Type
		None
 Return value:  Size  Location     Type
		None               void
 Registers used:
		wreg, fsr0l, fsr0h, status,2, status,0, pclath, cstack
 Tracked objects:
		On entry : 
		On exit  : 
		Unchanged: 
 Data sizes:     COMMON   BANK0   BANK1   BANK3   BANK2
      Params:         0       0       0       0       0
      Locals:         0       0       0       0       0
      Temps:          0       0       0       0       0
      Totals:         0       0       0       0       0
Total ram usage:        0 bytes
 Hardware stack levels used:    1
 Hardware stack levels required when called:    1
 This function calls:
		_Setup_Baud_Gen
 This function is called by:
		_main
 This function uses a non-reentrant model


 *************** function _Setup_Baud_Gen *****************
 Defined at:
		line 84 in file "..\Header Files\..\C Source Code\USART_16F_MASTER.c"
 Parameters:    Size  Location     Type
  BAUD            2    0[COMMON] int 
 Auto vars:     Size  Location     Type
		None
 Return value:  Size  Location     Type
		None               void
 Registers used:
		wreg, fsr0l, fsr0h, status,2, status,0
 Tracked objects:
		On entry : 
		On exit  : 
		Unchanged: 
 Data sizes:     COMMON   BANK0   BANK1   BANK3   BANK2
      Params:         2       0       0       0       0
      Locals:         0       0       0       0       0
      Temps:          0       0       0       0       0
      Totals:         2       0       0       0       0
Total ram usage:        2 bytes
 Hardware stack levels used:    1
 This function calls:
		Nothing
 This function is called by:
		_USART_Init
 This function uses a non-reentrant model


 *************** function _PIC_Initialization *****************
 Defined at:
		line 142 in file "XBMobileNode.c"
 Parameters:    Size  Location     Type
		None
 Auto vars:     Size  Location     Type
		None
 Return value:  Size  Location     Type
		None               void
 Registers used:
		wreg, status,2
 Tracked objects:
		On entry : 
		On exit  : 
		Unchanged: 
 Data sizes:     COMMON   BANK0   BANK1   BANK3   BANK2
      Params:         0       0       0       0       0
      Locals:         0       0       0       0       0
      Temps:          0       0       0       0       0
      Totals:         0       0       0       0       0
Total ram usage:        0 bytes
 Hardware stack levels used:    1
 This function calls:
		Nothing
 This function is called by:
		_main
 This function uses a non-reentrant model



MODULE INFORMATION

Module		Function		Class		Link	Load	Size
..\Header Files\..\C Source Code\USART_16F_MASTER.c
		_send_USART_cha		CODE           	0194	0000	20
		_flush_RCREG   		CODE           	0185	0000	15
		_get_USART_char		CODE           	017A	0000	11
		_send_USART_str		CODE           	029F	0000	47
		_Setup_Baud_Gen		CODE           	0376	0000	71
		_clear_usart_er		CODE           	01A8	0000	23
		_get_USART_char		CODE           	0271	0000	46
		_USART_Init    		CODE           	01D9	0000	30

..\Header Files\..\C Source Code\USART_16F_MASTER.c estimated size: 263

C:\Program Files (x86)\Microchip\xc8\v1.30\sources\common\lwdiv.c
		___lwdiv       		CODE           	0338	0000	62

C:\Program Files (x86)\Microchip\xc8\v1.30\sources\common\lwdiv.c estimated size: 62

..\Header Files\..\C Source Code\ZIGBEE_16F_MASTER.c
		_enterCommandMo		CODE           	0302	0000	54
		_setDestination		CODE           	03BD	0000	174
		_exitCommandMod		CODE           	01F7	0000	36
		_getIdentificat		CODE           	0544	0000	231

..\Header Files\..\C Source Code\ZIGBEE_16F_MASTER.c estimated size: 495

shared
		__stringtab    		STRING         	0003	0000	16
		__stringdata   		STRING         	001D	0000	58
		_dpowers       		STRING         	0013	0000	10
		__initializatio		CODE           	07F4	0000	8

shared estimated size: 92

C:\Program Files (x86)\Microchip\xc8\v1.30\sources\common\doprnt.c
		_sprintf       		CODE           	046B	0000	217

C:\Program Files (x86)\Microchip\xc8\v1.30\sources\common\doprnt.c estimated size: 217

XBMobileNode.c
		_main          		CODE           	062B	0000	457
		_PIC_Initializa		CODE           	01BF	0000	26

XBMobileNode.c estimated size: 483

C:\Program Files (x86)\Microchip\xc8\v1.30\sources\common\strlen.c
		_strlen        		CODE           	021B	0000	41

C:\Program Files (x86)\Microchip\xc8\v1.30\sources\common\strlen.c estimated size: 41

C:\Program Files (x86)\Microchip\xc8\v1.30\sources\common\memcpy.c
		_memcpy        		CODE           	0244	0000	45

C:\Program Files (x86)\Microchip\xc8\v1.30\sources\common\memcpy.c estimated size: 45

C:\Program Files (x86)\Microchip\xc8\v1.30\sources\common\lwmod.c
		___lwmod       		CODE           	02CE	0000	52

C:\Program Files (x86)\Microchip\xc8\v1.30\sources\common\lwmod.c estimated size: 52

